#
# There is insufficient memory for the Java Runtime Environment to continue.
# Native memory allocation (malloc) failed to allocate 922768 bytes. Error detail: Chunk::new
# Possible reasons:
#   The system is out of physical RAM or swap space
#   This process is running with CompressedOops enabled, and the Java Heap may be blocking the growth of the native heap
# Possible solutions:
#   Reduce memory load on the system
#   Increase physical memory or swap space
#   Check if swap backing store is full
#   Decrease Java heap size (-Xmx/-Xms)
#   Decrease number of Java threads
#   Decrease Java thread stack sizes (-Xss)
#   Set larger code cache with -XX:ReservedCodeCacheSize=
#   JVM is running with Zero Based Compressed Oops mode in which the Java heap is
#     placed in the first 32GB address space. The Java Heap base address is the
#     maximum limit for the native heap growth. Please use -XX:HeapBaseMinAddress
#     to set the Java Heap base and to place the Java Heap above 32GB virtual address.
# This output file may be truncated or incomplete.
#
#  Out of Memory Error (arena.cpp:191), pid=35808, tid=37468
#
# JRE version: OpenJDK Runtime Environment Temurin-17.0.19+10 (17.0.19+10) (build 17.0.19+10)
# Java VM: OpenJDK 64-Bit Server VM Temurin-17.0.19+10 (17.0.19+10, mixed mode, sharing, tiered, compressed oops, compressed class ptrs, parallel gc, windows-amd64)
# No core dump will be written. Minidumps are not enabled by default on client versions of Windows
#

---------------  S U M M A R Y ------------

Command Line: --add-opens=java.base/java.lang=ALL-UNNAMED --add-opens=java.base/java.lang.invoke=ALL-UNNAMED --add-opens=java.base/java.util=ALL-UNNAMED --add-opens=java.prefs/java.util.prefs=ALL-UNNAMED --add-exports=jdk.compiler/com.sun.tools.javac.api=ALL-UNNAMED --add-exports=jdk.compiler/com.sun.tools.javac.util=ALL-UNNAMED --add-opens=java.base/java.util=ALL-UNNAMED --add-opens=java.prefs/java.util.prefs=ALL-UNNAMED --add-opens=java.base/java.nio.charset=ALL-UNNAMED --add-opens=java.base/java.net=ALL-UNNAMED --add-opens=java.base/java.util.concurrent.atomic=ALL-UNNAMED --add-opens=java.xml/javax.xml.namespace=ALL-UNNAMED -XX:+UseParallelGC -Xmx4g -Dfile.encoding=UTF-8 -Duser.country=EC -Duser.language=es -Duser.variant -javaagent:C:\Users\HP PAVILION\.gradle\wrapper\dists\gradle-8.14.2-bin\2pb3mgt1p815evrl3weanttgr\gradle-8.14.2\lib\agents\gradle-instrumentation-agent-8.14.2.jar org.gradle.launcher.daemon.bootstrap.GradleDaemon 8.14.2

Host: AMD Ryzen 5 3500U with Radeon Vega Mobile Gfx  , 8 cores, 13G,  Windows 10 , 64 bit Build 19041 (10.0.19041.5915)
Time: Sun Aug  2 23:13:03 2026 Hora est. Pacífico, Sudamérica elapsed time: 41.541936 seconds (0d 0h 0m 41s)

---------------  T H R E A D  ---------------

Current thread (0x00000228ca3d25a0):  JavaThread "C2 CompilerThread0" daemon [_thread_in_native, id=37468, stack(0x00000031ed400000,0x00000031ed500000)]


Current CompileTask:
C2:41542 5717   !   4       java.lang.ClassLoader::loadClass (121 bytes)

Stack: [0x00000031ed400000,0x00000031ed500000]
Native frames: (J=compiled Java code, j=interpreted, Vv=VM code, C=native code)
V  [jvm.dll+0x684b29]
V  [jvm.dll+0x83a2d5]
V  [jvm.dll+0x83bd4e]
V  [jvm.dll+0x83c3d3]
V  [jvm.dll+0x24905f]
V  [jvm.dll+0xad536]
V  [jvm.dll+0xadbdc]
V  [jvm.dll+0x11ed74]
V  [jvm.dll+0x616733]
V  [jvm.dll+0x614dbe]
V  [jvm.dll+0x219ce0]
V  [jvm.dll+0x2192af]
V  [jvm.dll+0x1a49f0]
V  [jvm.dll+0x2299fa]
V  [jvm.dll+0x227bab]
V  [jvm.dll+0x7f0a88]
V  [jvm.dll+0x7eaf1c]
V  [jvm.dll+0x6839f7]
C  [ucrtbase.dll+0x21bb2]
C  [KERNEL32.DLL+0x17374]
C  [ntdll.dll+0x4cc91]


---------------  P R O C E S S  ---------------

Threads class SMR info:
_java_thread_list=0x0000022914fa70f0, length=31, elements={
0x00000228aa6540c0, 0x00000228ca3b8fb0, 0x00000228ca3b9a80, 0x00000228ca3c94a0,
0x00000228ca3c9f70, 0x00000228ca3cd0f0, 0x00000228ca3ce9d0, 0x00000228ca3d25a0,
0x00000228ca3d6580, 0x000002290d238070, 0x000002290d310ea0, 0x000002290d391be0,
0x000002290d893440, 0x000002290d2fa450, 0x000002290d4f3c50, 0x0000022912200eb0,
0x0000022912202d10, 0x0000022912201de0, 0x00000229122013c0, 0x00000229122018d0,
0x0000022912202800, 0x00000229122009a0, 0x00000229121ffa70, 0x0000022912200490,
0x00000229122022f0, 0x00000229121ff560, 0x000002290d3ad4d0, 0x000002290d3ae400,
0x000002290d3b1bb0, 0x000002290d3afd50, 0x000002290d3b0c80
}

Java Threads: ( => current thread )
  0x00000228aa6540c0 JavaThread "main" [_thread_blocked, id=38776, stack(0x00000031ecb00000,0x00000031ecc00000)]
  0x00000228ca3b8fb0 JavaThread "Reference Handler" daemon [_thread_blocked, id=20296, stack(0x00000031ece00000,0x00000031ecf00000)]
  0x00000228ca3b9a80 JavaThread "Finalizer" daemon [_thread_blocked, id=34680, stack(0x00000031ecf00000,0x00000031ed000000)]
  0x00000228ca3c94a0 JavaThread "Signal Dispatcher" daemon [_thread_blocked, id=3012, stack(0x00000031ed000000,0x00000031ed100000)]
  0x00000228ca3c9f70 JavaThread "Attach Listener" daemon [_thread_blocked, id=20340, stack(0x00000031ed100000,0x00000031ed200000)]
  0x00000228ca3cd0f0 JavaThread "Service Thread" daemon [_thread_blocked, id=38784, stack(0x00000031ed200000,0x00000031ed300000)]
  0x00000228ca3ce9d0 JavaThread "Monitor Deflation Thread" daemon [_thread_blocked, id=27308, stack(0x00000031ed300000,0x00000031ed400000)]
=>0x00000228ca3d25a0 JavaThread "C2 CompilerThread0" daemon [_thread_in_native, id=37468, stack(0x00000031ed400000,0x00000031ed500000)]
  0x00000228ca3d6580 JavaThread "C1 CompilerThread0" daemon [_thread_blocked, id=37464, stack(0x00000031ed500000,0x00000031ed600000)]
  0x000002290d238070 JavaThread "Sweeper thread" daemon [_thread_blocked, id=22052, stack(0x00000031ed600000,0x00000031ed700000)]
  0x000002290d310ea0 JavaThread "Common-Cleaner" daemon [_thread_blocked, id=17512, stack(0x00000031ed700000,0x00000031ed800000)]
  0x000002290d391be0 JavaThread "Notification Thread" daemon [_thread_blocked, id=29664, stack(0x00000031ed800000,0x00000031ed900000)]
  0x000002290d893440 JavaThread "Daemon health stats" [_thread_blocked, id=9512, stack(0x00000031eda00000,0x00000031edb00000)]
  0x000002290d2fa450 JavaThread "Incoming local TCP Connector on port 58629" [_thread_in_native, id=39440, stack(0x00000031edf00000,0x00000031ee000000)]
  0x000002290d4f3c50 JavaThread "Daemon periodic checks" [_thread_blocked, id=38476, stack(0x00000031ee000000,0x00000031ee100000)]
  0x0000022912200eb0 JavaThread "Daemon" [_thread_blocked, id=39528, stack(0x00000031ee100000,0x00000031ee200000)]
  0x0000022912202d10 JavaThread "Handler for socket connection from /127.0.0.1:58629 to /127.0.0.1:58630" [_thread_in_native, id=5088, stack(0x00000031ee200000,0x00000031ee300000)]
  0x0000022912201de0 JavaThread "Cancel handler" [_thread_blocked, id=38380, stack(0x00000031ee300000,0x00000031ee400000)]
  0x00000229122013c0 JavaThread "Daemon worker" [_thread_in_vm, id=34876, stack(0x00000031ee400000,0x00000031ee500000)]
  0x00000229122018d0 JavaThread "Asynchronous log dispatcher for DefaultDaemonConnection: socket connection from /127.0.0.1:58629 to /127.0.0.1:58630" [_thread_blocked, id=35380, stack(0x00000031ee500000,0x00000031ee600000)]
  0x0000022912202800 JavaThread "Stdin handler" [_thread_blocked, id=27312, stack(0x00000031ee600000,0x00000031ee700000)]
  0x00000229122009a0 JavaThread "Daemon client event forwarder" [_thread_blocked, id=37728, stack(0x00000031ee700000,0x00000031ee800000)]
  0x00000229121ffa70 JavaThread "Cache worker for journal cache (C:\Users\HP PAVILION\.gradle\caches\journal-1)" [_thread_blocked, id=26672, stack(0x00000031ee800000,0x00000031ee900000)]
  0x0000022912200490 JavaThread "File lock request listener" [_thread_in_native, id=17672, stack(0x00000031ee900000,0x00000031eea00000)]
  0x00000229122022f0 JavaThread "Cache worker for file hash cache (C:\Users\HP PAVILION\.gradle\caches\8.14.2\fileHashes)" [_thread_blocked, id=20972, stack(0x00000031eea00000,0x00000031eeb00000)]
  0x00000229121ff560 JavaThread "Cache worker for file hash cache (D:\Descargas (S)\Milla\.gradle\8.14.2\fileHashes)" [_thread_blocked, id=38500, stack(0x00000031eeb00000,0x00000031eec00000)]
  0x000002290d3ad4d0 JavaThread "Cache worker for checksums cache (D:\Descargas (S)\Milla\.gradle\8.14.2\checksums)" [_thread_blocked, id=34184, stack(0x00000031eec00000,0x00000031eed00000)]
  0x000002290d3ae400 JavaThread "Cache worker for Build Output Cleanup Cache (D:\Descargas (S)\Milla\.gradle\buildOutputCleanup)" [_thread_blocked, id=17476, stack(0x00000031ef000000,0x00000031ef100000)]
  0x000002290d3b1bb0 JavaThread "Cache worker for file content cache (C:\Users\HP PAVILION\.gradle\caches\8.14.2\fileContent)" [_thread_blocked, id=17940, stack(0x00000031ef100000,0x00000031ef200000)]
  0x000002290d3afd50 JavaThread "File watcher server" daemon [_thread_in_native, id=29404, stack(0x00000031ef200000,0x00000031ef300000)]
  0x000002290d3b0c80 JavaThread "File watcher consumer" daemon [_thread_blocked, id=29640, stack(0x00000031ef300000,0x00000031ef400000)]

Other Threads:
  0x00000228aa70cfd0 VMThread "VM Thread" [stack: 0x00000031ecd00000,0x00000031ece00000] [id=35428]
  0x000002290d3920c0 WatcherThread [stack: 0x00000031ed900000,0x00000031eda00000] [id=33892]
  0x00000228aa66d0c0 GCTaskThread "GC Thread#0" [stack: 0x00000031ecc00000,0x00000031ecd00000] [id=18352]
  0x0000022912303340 GCTaskThread "GC Thread#1" [stack: 0x00000031edb00000,0x00000031edc00000] [id=17536]
  0x00000229120f72f0 GCTaskThread "GC Thread#2" [stack: 0x00000031edc00000,0x00000031edd00000] [id=29324]
  0x00000229120f75b0 GCTaskThread "GC Thread#3" [stack: 0x00000031edd00000,0x00000031ede00000] [id=29320]
  0x00000229120f7870 GCTaskThread "GC Thread#4" [stack: 0x00000031ede00000,0x00000031edf00000] [id=29240]
  0x0000022913a3a5f0 GCTaskThread "GC Thread#5" [stack: 0x00000031eed00000,0x00000031eee00000] [id=37540]
  0x0000022913a3a070 GCTaskThread "GC Thread#6" [stack: 0x00000031eee00000,0x00000031eef00000] [id=16456]
  0x0000022913a3a330 GCTaskThread "GC Thread#7" [stack: 0x00000031eef00000,0x00000031ef000000] [id=20176]

Threads with active compile tasks:
C2 CompilerThread0  41763 5717   !   4       java.lang.ClassLoader::loadClass (121 bytes)

VM state: not at safepoint (normal execution)

VM Mutex/Monitor currently owned by a thread: None

Heap address: 0x0000000700000000, size: 4096 MB, Compressed Oops mode: Zero based, Oop shift amount: 3

CDS archive(s) mapped at: [0x00000228cb000000-0x00000228cbbb0000-0x00000228cbbb0000), size 12255232, SharedBaseAddress: 0x00000228cb000000, ArchiveRelocationMode: 1.
Compressed class space mapped at: 0x00000228cc000000-0x000002290c000000, reserved size: 1073741824
Narrow klass base: 0x00000228cb000000, Narrow klass shift: 0, Narrow klass range: 0x100000000

GC Precious Log:
 CPUs: 8 total, 8 available
 Memory: 14249M
 Large Page Support: Disabled
 NUMA Support: Disabled
 Compressed Oops: Enabled (Zero based)
 Alignments: Space 512K, Generation 512K, Heap 2M
 Heap Min Capacity: 8M
 Heap Initial Capacity: 224M
 Heap Max Capacity: 4G
 Pre-touch: Disabled
 Parallel Workers: 8

Heap:
 PSYoungGen      total 250880K, used 141587K [0x00000007aab00000, 0x00000007c9d00000, 0x0000000800000000)
  eden space 228352K, 62% used [0x00000007aab00000,0x00000007b3544e40,0x00000007b8a00000)
  from space 22528K, 0% used [0x00000007b8a00000,0x00000007b8a00000,0x00000007ba000000)
  to   space 23552K, 0% used [0x00000007c8600000,0x00000007c8600000,0x00000007c9d00000)
 ParOldGen       total 153088K, used 44116K [0x0000000700000000, 0x0000000709580000, 0x00000007aab00000)
  object space 153088K, 28% used [0x0000000700000000,0x0000000702b15350,0x0000000709580000)
 Metaspace       used 74054K, committed 74624K, reserved 1114112K
  class space    used 9957K, committed 10240K, reserved 1048576K

Card table byte_map: [0x00000228c11e0000,0x00000228c19f0000] _byte_map_base: 0x00000228bd9e0000

Marking Bits: (ParMarkBitMap*) 0x00007ff939747980
 Begin Bits: [0x00000228c19f0000, 0x00000228c59f0000)
 End Bits:   [0x00000228c59f0000, 0x00000228c99f0000)

Polling page: 0x00000228a9e10000

Metaspace:

Usage:
  Non-class:     62.60 MB used.
      Class:      9.72 MB used.
       Both:     72.32 MB used.

Virtual space:
  Non-class space:       64.00 MB reserved,      62.88 MB ( 98%) committed,  1 nodes.
      Class space:        1.00 GB reserved,      10.00 MB ( <1%) committed,  1 nodes.
             Both:        1.06 GB reserved,      72.88 MB (  7%) committed. 

Chunk freelists:
   Non-Class:  848.00 KB
       Class:  5.98 MB
        Both:  6.81 MB

MaxMetaspaceSize: unlimited
CompressedClassSpaceSize: 1.00 GB
Initial GC threshold: 21.00 MB
Current GC threshold: 97.31 MB
CDS: on
MetaspaceReclaimPolicy: balanced
 - commit_granule_bytes: 65536.
 - commit_granule_words: 8192.
 - virtual_space_node_default_size: 8388608.
 - enlarge_chunks_in_place: 1.
 - new_chunks_are_fully_committed: 0.
 - uncommit_free_chunks: 1.
 - use_allocation_guard: 0.
 - handle_deallocations: 1.


Internal statistics:

num_allocs_failed_limit: 9.
num_arena_births: 624.
num_arena_deaths: 0.
num_vsnodes_births: 2.
num_vsnodes_deaths: 0.
num_space_committed: 1164.
num_space_uncommitted: 0.
num_chunks_returned_to_freelist: 9.
num_chunks_taken_from_freelist: 3237.
num_chunk_merges: 9.
num_chunk_splits: 2456.
num_chunks_enlarged: 2012.
num_inconsistent_stats: 0.

CodeHeap 'non-profiled nmethods': size=120000Kb used=2789Kb max_used=2789Kb free=117210Kb
 bounds [0x00000228b9cb0000, 0x00000228b9f70000, 0x00000228c11e0000]
CodeHeap 'profiled nmethods': size=120000Kb used=9515Kb max_used=9515Kb free=110484Kb
 bounds [0x00000228b21e0000, 0x00000228b2b30000, 0x00000228b9710000]
CodeHeap 'non-nmethods': size=5760Kb used=1703Kb max_used=1727Kb free=4056Kb
 bounds [0x00000228b9710000, 0x00000228b9980000, 0x00000228b9cb0000]
 total_blobs=5734 nmethods=4939 adapters=709
 compilation: enabled
              stopped_count=0, restarted_count=0
 full_count=0

Compilation events (20 events):
Event: 41.467 Thread 0x00000228ca3d6580 5761       3       org.jetbrains.kotlin.metadata.ProtoBuf$Property::hasReturnType (18 bytes)
Event: 41.467 Thread 0x00000228ca3d6580 nmethod 5761 0x00000228b2b16a10 code [0x00000228b2b16ba0, 0x00000228b2b16d18]
Event: 41.468 Thread 0x00000228ca3d6580 5756       3       org.jetbrains.kotlin.metadata.ProtoBuf$Property$1::parsePartialFrom (7 bytes)
Event: 41.468 Thread 0x00000228ca3d6580 nmethod 5756 0x00000228b2b16d90 code [0x00000228b2b16f40, 0x00000228b2b17088]
Event: 41.468 Thread 0x00000228ca3d6580 5757       3       org.jetbrains.kotlin.metadata.ProtoBuf$Property$1::parsePartialFrom (11 bytes)
Event: 41.468 Thread 0x00000228ca3d6580 nmethod 5757 0x00000228b2b17110 code [0x00000228b2b172c0, 0x00000228b2b174c8]
Event: 41.468 Thread 0x00000228ca3d6580 5758       3       org.jetbrains.kotlin.metadata.ProtoBuf$Property::<init> (7 bytes)
Event: 41.468 Thread 0x00000228ca3d6580 nmethod 5758 0x00000228b2b17610 code [0x00000228b2b177c0, 0x00000228b2b17908]
Event: 41.472 Thread 0x00000228ca3d6580 5762       1       org.jetbrains.kotlin.serialization.deserialization.DeserializationContext::getContainingDeclaration (5 bytes)
Event: 41.473 Thread 0x00000228ca3d6580 nmethod 5762 0x00000228b9dedd90 code [0x00000228b9dedf20, 0x00000228b9dedff8]
Event: 41.473 Thread 0x00000228ca3d6580 5763       3       org.jetbrains.kotlin.utils.WrappedValues::unescapeThrowable (44 bytes)
Event: 41.473 Thread 0x00000228ca3d6580 nmethod 5763 0x00000228b2b17a10 code [0x00000228b2b17c00, 0x00000228b2b18178]
Event: 41.473 Thread 0x00000228ca3d6580 5765       3       org.jetbrains.kotlin.serialization.deserialization.NameResolverUtilKt::getClassId (27 bytes)
Event: 41.474 Thread 0x00000228ca3d6580 nmethod 5765 0x00000228b2b18310 code [0x00000228b2b18560, 0x00000228b2b18ce8]
Event: 41.474 Thread 0x00000228ca3d6580 5767       3       org.jetbrains.kotlin.load.kotlin.FileBasedKotlinClass$3$1::visit (52 bytes)
Event: 41.474 Thread 0x00000228ca3d6580 nmethod 5767 0x00000228b2b18f90 code [0x00000228b2b191a0, 0x00000228b2b197d8]
Event: 41.474 Thread 0x00000228ca3d6580 5766       3       org.jetbrains.kotlin.load.kotlin.header.ReadKotlinClassHeaderAnnotationVisitor$CollectStringArrayAnnotationVisitor::visit (22 bytes)
Event: 41.475 Thread 0x00000228ca3d6580 nmethod 5766 0x00000228b2b19990 code [0x00000228b2b19b40, 0x00000228b2b19f48]
Event: 41.475 Thread 0x00000228ca3d6580 5764       1       org.jetbrains.kotlin.serialization.deserialization.DeserializationContext::getTypeTable (5 bytes)
Event: 41.475 Thread 0x00000228ca3d6580 nmethod 5764 0x00000228b9deda90 code [0x00000228b9dedc20, 0x00000228b9dedcf8]

GC Heap History (20 events):
Event: 4.016 GC heap before
{Heap before GC invocations=1 (full 0):
 PSYoungGen      total 67072K, used 57856K [0x00000007aab00000, 0x00000007af580000, 0x0000000800000000)
  eden space 57856K, 100% used [0x00000007aab00000,0x00000007ae380000,0x00000007ae380000)
  from space 9216K, 0% used [0x00000007aec80000,0x00000007aec80000,0x00000007af580000)
  to   space 9216K, 0% used [0x00000007ae380000,0x00000007ae380000,0x00000007aec80000)
 ParOldGen       total 153088K, used 0K [0x0000000700000000, 0x0000000709580000, 0x00000007aab00000)
  object space 153088K, 0% used [0x0000000700000000,0x0000000700000000,0x0000000709580000)
 Metaspace       used 4391K, committed 4608K, reserved 1114112K
  class space    used 547K, committed 640K, reserved 1048576K
}
Event: 4.118 GC heap after
{Heap after GC invocations=1 (full 0):
 PSYoungGen      total 67072K, used 9199K [0x00000007aab00000, 0x00000007b2e00000, 0x0000000800000000)
  eden space 57856K, 0% used [0x00000007aab00000,0x00000007aab00000,0x00000007ae380000)
  from space 9216K, 99% used [0x00000007ae380000,0x00000007aec7bf68,0x00000007aec80000)
  to   space 9216K, 0% used [0x00000007b2500000,0x00000007b2500000,0x00000007b2e00000)
 ParOldGen       total 153088K, used 1409K [0x0000000700000000, 0x0000000709580000, 0x00000007aab00000)
  object space 153088K, 0% used [0x0000000700000000,0x0000000700160798,0x0000000709580000)
 Metaspace       used 4391K, committed 4608K, reserved 1114112K
  class space    used 547K, committed 640K, reserved 1048576K
}
Event: 5.624 GC heap before
{Heap before GC invocations=2 (full 0):
 PSYoungGen      total 67072K, used 67055K [0x00000007aab00000, 0x00000007b2e00000, 0x0000000800000000)
  eden space 57856K, 100% used [0x00000007aab00000,0x00000007ae380000,0x00000007ae380000)
  from space 9216K, 99% used [0x00000007ae380000,0x00000007aec7bf68,0x00000007aec80000)
  to   space 9216K, 0% used [0x00000007b2500000,0x00000007b2500000,0x00000007b2e00000)
 ParOldGen       total 153088K, used 1409K [0x0000000700000000, 0x0000000709580000, 0x00000007aab00000)
  object space 153088K, 0% used [0x0000000700000000,0x0000000700160798,0x0000000709580000)
 Metaspace       used 4693K, committed 4928K, reserved 1114112K
  class space    used 588K, committed 704K, reserved 1048576K
}
Event: 5.632 GC heap after
{Heap after GC invocations=2 (full 0):
 PSYoungGen      total 124928K, used 9206K [0x00000007aab00000, 0x00000007b2e00000, 0x0000000800000000)
  eden space 115712K, 0% used [0x00000007aab00000,0x00000007aab00000,0x00000007b1c00000)
  from space 9216K, 99% used [0x00000007b2500000,0x00000007b2dfd998,0x00000007b2e00000)
  to   space 9216K, 0% used [0x00000007b1c00000,0x00000007b1c00000,0x00000007b2500000)
 ParOldGen       total 153088K, used 6250K [0x0000000700000000, 0x0000000709580000, 0x00000007aab00000)
  object space 153088K, 4% used [0x0000000700000000,0x000000070061a988,0x0000000709580000)
 Metaspace       used 4693K, committed 4928K, reserved 1114112K
  class space    used 588K, committed 704K, reserved 1048576K
}
Event: 11.691 GC heap before
{Heap before GC invocations=3 (full 0):
 PSYoungGen      total 124928K, used 124918K [0x00000007aab00000, 0x00000007b2e00000, 0x0000000800000000)
  eden space 115712K, 100% used [0x00000007aab00000,0x00000007b1c00000,0x00000007b1c00000)
  from space 9216K, 99% used [0x00000007b2500000,0x00000007b2dfd998,0x00000007b2e00000)
  to   space 9216K, 0% used [0x00000007b1c00000,0x00000007b1c00000,0x00000007b2500000)
 ParOldGen       total 153088K, used 6250K [0x0000000700000000, 0x0000000709580000, 0x00000007aab00000)
  object space 153088K, 4% used [0x0000000700000000,0x000000070061a988,0x0000000709580000)
 Metaspace       used 20907K, committed 21184K, reserved 1114112K
  class space    used 3064K, committed 3200K, reserved 1048576K
}
Event: 11.710 GC heap after
{Heap after GC invocations=3 (full 0):
 PSYoungGen      total 124928K, used 9189K [0x00000007aab00000, 0x00000007b9f00000, 0x0000000800000000)
  eden space 115712K, 0% used [0x00000007aab00000,0x00000007aab00000,0x00000007b1c00000)
  from space 9216K, 99% used [0x00000007b1c00000,0x00000007b24f96f0,0x00000007b2500000)
  to   space 9216K, 0% used [0x00000007b9600000,0x00000007b9600000,0x00000007b9f00000)
 ParOldGen       total 153088K, used 13353K [0x0000000700000000, 0x0000000709580000, 0x00000007aab00000)
  object space 153088K, 8% used [0x0000000700000000,0x0000000700d0a430,0x0000000709580000)
 Metaspace       used 20907K, committed 21184K, reserved 1114112K
  class space    used 3064K, committed 3200K, reserved 1048576K
}
Event: 11.815 GC heap before
{Heap before GC invocations=4 (full 0):
 PSYoungGen      total 124928K, used 12442K [0x00000007aab00000, 0x00000007b9f00000, 0x0000000800000000)
  eden space 115712K, 2% used [0x00000007aab00000,0x00000007aae2d4f8,0x00000007b1c00000)
  from space 9216K, 99% used [0x00000007b1c00000,0x00000007b24f96f0,0x00000007b2500000)
  to   space 9216K, 0% used [0x00000007b9600000,0x00000007b9600000,0x00000007b9f00000)
 ParOldGen       total 153088K, used 13353K [0x0000000700000000, 0x0000000709580000, 0x00000007aab00000)
  object space 153088K, 8% used [0x0000000700000000,0x0000000700d0a430,0x0000000709580000)
 Metaspace       used 21240K, committed 21504K, reserved 1114112K
  class space    used 3114K, committed 3264K, reserved 1048576K
}
Event: 11.824 GC heap after
{Heap after GC invocations=4 (full 0):
 PSYoungGen      total 240640K, used 9194K [0x00000007aab00000, 0x00000007b9f00000, 0x0000000800000000)
  eden space 231424K, 0% used [0x00000007aab00000,0x00000007aab00000,0x00000007b8d00000)
  from space 9216K, 99% used [0x00000007b9600000,0x00000007b9efaab8,0x00000007b9f00000)
  to   space 9216K, 0% used [0x00000007b8d00000,0x00000007b8d00000,0x00000007b9600000)
 ParOldGen       total 153088K, used 13521K [0x0000000700000000, 0x0000000709580000, 0x00000007aab00000)
  object space 153088K, 8% used [0x0000000700000000,0x0000000700d34430,0x0000000709580000)
 Metaspace       used 21240K, committed 21504K, reserved 1114112K
  class space    used 3114K, committed 3264K, reserved 1048576K
}
Event: 11.824 GC heap before
{Heap before GC invocations=5 (full 1):
 PSYoungGen      total 240640K, used 9194K [0x00000007aab00000, 0x00000007b9f00000, 0x0000000800000000)
  eden space 231424K, 0% used [0x00000007aab00000,0x00000007aab00000,0x00000007b8d00000)
  from space 9216K, 99% used [0x00000007b9600000,0x00000007b9efaab8,0x00000007b9f00000)
  to   space 9216K, 0% used [0x00000007b8d00000,0x00000007b8d00000,0x00000007b9600000)
 ParOldGen       total 153088K, used 13521K [0x0000000700000000, 0x0000000709580000, 0x00000007aab00000)
  object space 153088K, 8% used [0x0000000700000000,0x0000000700d34430,0x0000000709580000)
 Metaspace       used 21240K, committed 21504K, reserved 1114112K
  class space    used 3114K, committed 3264K, reserved 1048576K
}
Event: 11.886 GC heap after
{Heap after GC invocations=5 (full 1):
 PSYoungGen      total 240640K, used 0K [0x00000007aab00000, 0x00000007b9f00000, 0x0000000800000000)
  eden space 231424K, 0% used [0x00000007aab00000,0x00000007aab00000,0x00000007b8d00000)
  from space 9216K, 0% used [0x00000007b9600000,0x00000007b9600000,0x00000007b9f00000)
  to   space 9216K, 0% used [0x00000007b8d00000,0x00000007b8d00000,0x00000007b9600000)
 ParOldGen       total 153088K, used 22163K [0x0000000700000000, 0x0000000709580000, 0x00000007aab00000)
  object space 153088K, 14% used [0x0000000700000000,0x00000007015a4f50,0x0000000709580000)
 Metaspace       used 21240K, committed 21504K, reserved 1114112K
  class space    used 3114K, committed 3264K, reserved 1048576K
}
Event: 16.525 GC heap before
{Heap before GC invocations=6 (full 1):
 PSYoungGen      total 240640K, used 101639K [0x00000007aab00000, 0x00000007b9f00000, 0x0000000800000000)
  eden space 231424K, 43% used [0x00000007aab00000,0x00000007b0e41e50,0x00000007b8d00000)
  from space 9216K, 0% used [0x00000007b9600000,0x00000007b9600000,0x00000007b9f00000)
  to   space 9216K, 0% used [0x00000007b8d00000,0x00000007b8d00000,0x00000007b9600000)
 ParOldGen       total 153088K, used 22163K [0x0000000700000000, 0x0000000709580000, 0x00000007aab00000)
  object space 153088K, 14% used [0x0000000700000000,0x00000007015a4f50,0x0000000709580000)
 Metaspace       used 35496K, committed 35840K, reserved 1114112K
  class space    used 4879K, committed 5056K, reserved 1048576K
}
Event: 16.534 GC heap after
{Heap after GC invocations=6 (full 1):
 PSYoungGen      total 240640K, used 5512K [0x00000007aab00000, 0x00000007bb300000, 0x0000000800000000)
  eden space 231424K, 0% used [0x00000007aab00000,0x00000007aab00000,0x00000007b8d00000)
  from space 9216K, 59% used [0x00000007b8d00000,0x00000007b92621e8,0x00000007b9600000)
  to   space 19456K, 0% used [0x00000007ba000000,0x00000007ba000000,0x00000007bb300000)
 ParOldGen       total 153088K, used 22171K [0x0000000700000000, 0x0000000709580000, 0x00000007aab00000)
  object space 153088K, 14% used [0x0000000700000000,0x00000007015a6f50,0x0000000709580000)
 Metaspace       used 35496K, committed 35840K, reserved 1114112K
  class space    used 4879K, committed 5056K, reserved 1048576K
}
Event: 16.534 GC heap before
{Heap before GC invocations=7 (full 2):
 PSYoungGen      total 240640K, used 5512K [0x00000007aab00000, 0x00000007bb300000, 0x0000000800000000)
  eden space 231424K, 0% used [0x00000007aab00000,0x00000007aab00000,0x00000007b8d00000)
  from space 9216K, 59% used [0x00000007b8d00000,0x00000007b92621e8,0x00000007b9600000)
  to   space 19456K, 0% used [0x00000007ba000000,0x00000007ba000000,0x00000007bb300000)
 ParOldGen       total 153088K, used 22171K [0x0000000700000000, 0x0000000709580000, 0x00000007aab00000)
  object space 153088K, 14% used [0x0000000700000000,0x00000007015a6f50,0x0000000709580000)
 Metaspace       used 35496K, committed 35840K, reserved 1114112K
  class space    used 4879K, committed 5056K, reserved 1048576K
}
Event: 16.592 GC heap after
{Heap after GC invocations=7 (full 2):
 PSYoungGen      total 240640K, used 0K [0x00000007aab00000, 0x00000007bb300000, 0x0000000800000000)
  eden space 231424K, 0% used [0x00000007aab00000,0x00000007aab00000,0x00000007b8d00000)
  from space 9216K, 0% used [0x00000007b8d00000,0x00000007b8d00000,0x00000007b9600000)
  to   space 19456K, 0% used [0x00000007ba000000,0x00000007ba000000,0x00000007bb300000)
 ParOldGen       total 153088K, used 27258K [0x0000000700000000, 0x0000000709580000, 0x00000007aab00000)
  object space 153088K, 17% used [0x0000000700000000,0x0000000701a9e858,0x0000000709580000)
 Metaspace       used 35496K, committed 35840K, reserved 1114112K
  class space    used 4879K, committed 5056K, reserved 1048576K
}
Event: 27.813 GC heap before
{Heap before GC invocations=8 (full 2):
 PSYoungGen      total 240640K, used 231424K [0x00000007aab00000, 0x00000007bb300000, 0x0000000800000000)
  eden space 231424K, 100% used [0x00000007aab00000,0x00000007b8d00000,0x00000007b8d00000)
  from space 9216K, 0% used [0x00000007b8d00000,0x00000007b8d00000,0x00000007b9600000)
  to   space 19456K, 0% used [0x00000007ba000000,0x00000007ba000000,0x00000007bb300000)
 ParOldGen       total 153088K, used 27258K [0x0000000700000000, 0x0000000709580000, 0x00000007aab00000)
  object space 153088K, 17% used [0x0000000700000000,0x0000000701a9e858,0x0000000709580000)
 Metaspace       used 56633K, committed 57280K, reserved 1114112K
  class space    used 7971K, committed 8256K, reserved 1048576K
}
Event: 27.831 GC heap after
{Heap after GC invocations=8 (full 2):
 PSYoungGen      total 247808K, used 18983K [0x00000007aab00000, 0x00000007c9b00000, 0x0000000800000000)
  eden space 228352K, 0% used [0x00000007aab00000,0x00000007aab00000,0x00000007b8a00000)
  from space 19456K, 97% used [0x00000007ba000000,0x00000007bb289fb8,0x00000007bb300000)
  to   space 22528K, 0% used [0x00000007b8a00000,0x00000007b8a00000,0x00000007ba000000)
 ParOldGen       total 153088K, used 27392K [0x0000000700000000, 0x0000000709580000, 0x00000007aab00000)
  object space 153088K, 17% used [0x0000000700000000,0x0000000701ac0078,0x0000000709580000)
 Metaspace       used 56633K, committed 57280K, reserved 1114112K
  class space    used 7971K, committed 8256K, reserved 1048576K
}
Event: 29.278 GC heap before
{Heap before GC invocations=9 (full 2):
 PSYoungGen      total 247808K, used 60190K [0x00000007aab00000, 0x00000007c9b00000, 0x0000000800000000)
  eden space 228352K, 18% used [0x00000007aab00000,0x00000007ad33da98,0x00000007b8a00000)
  from space 19456K, 97% used [0x00000007ba000000,0x00000007bb289fb8,0x00000007bb300000)
  to   space 22528K, 0% used [0x00000007b8a00000,0x00000007b8a00000,0x00000007ba000000)
 ParOldGen       total 153088K, used 27392K [0x0000000700000000, 0x0000000709580000, 0x00000007aab00000)
  object space 153088K, 17% used [0x0000000700000000,0x0000000701ac0078,0x0000000709580000)
 Metaspace       used 59246K, committed 59776K, reserved 1114112K
  class space    used 8287K, committed 8576K, reserved 1048576K
}
Event: 29.299 GC heap after
{Heap after GC invocations=9 (full 2):
 PSYoungGen      total 250880K, used 16965K [0x00000007aab00000, 0x00000007c9d00000, 0x0000000800000000)
  eden space 228352K, 0% used [0x00000007aab00000,0x00000007aab00000,0x00000007b8a00000)
  from space 22528K, 75% used [0x00000007b8a00000,0x00000007b9a915b0,0x00000007ba000000)
  to   space 23552K, 0% used [0x00000007c8600000,0x00000007c8600000,0x00000007c9d00000)
 ParOldGen       total 153088K, used 27400K [0x0000000700000000, 0x0000000709580000, 0x00000007aab00000)
  object space 153088K, 17% used [0x0000000700000000,0x0000000701ac2078,0x0000000709580000)
 Metaspace       used 59246K, committed 59776K, reserved 1114112K
  class space    used 8287K, committed 8576K, reserved 1048576K
}
Event: 29.299 GC heap before
{Heap before GC invocations=10 (full 3):
 PSYoungGen      total 250880K, used 16965K [0x00000007aab00000, 0x00000007c9d00000, 0x0000000800000000)
  eden space 228352K, 0% used [0x00000007aab00000,0x00000007aab00000,0x00000007b8a00000)
  from space 22528K, 75% used [0x00000007b8a00000,0x00000007b9a915b0,0x00000007ba000000)
  to   space 23552K, 0% used [0x00000007c8600000,0x00000007c8600000,0x00000007c9d00000)
 ParOldGen       total 153088K, used 27400K [0x0000000700000000, 0x0000000709580000, 0x00000007aab00000)
  object space 153088K, 17% used [0x0000000700000000,0x0000000701ac2078,0x0000000709580000)
 Metaspace       used 59246K, committed 59776K, reserved 1114112K
  class space    used 8287K, committed 8576K, reserved 1048576K
}
Event: 29.421 GC heap after
{Heap after GC invocations=10 (full 3):
 PSYoungGen      total 250880K, used 0K [0x00000007aab00000, 0x00000007c9d00000, 0x0000000800000000)
  eden space 228352K, 0% used [0x00000007aab00000,0x00000007aab00000,0x00000007b8a00000)
  from space 22528K, 0% used [0x00000007b8a00000,0x00000007b8a00000,0x00000007ba000000)
  to   space 23552K, 0% used [0x00000007c8600000,0x00000007c8600000,0x00000007c9d00000)
 ParOldGen       total 153088K, used 44116K [0x0000000700000000, 0x0000000709580000, 0x00000007aab00000)
  object space 153088K, 28% used [0x0000000700000000,0x0000000702b15350,0x0000000709580000)
 Metaspace       used 59246K, committed 59776K, reserved 1114112K
  class space    used 8287K, committed 8576K, reserved 1048576K
}

Dll operation events (15 events):
Event: 0.076 Loaded shared library D:\Program Files\Eclipse Adoptium\jdk-17.0.19.10-hotspot\bin\java.dll
Event: 0.121 Loaded shared library D:\Program Files\Eclipse Adoptium\jdk-17.0.19.10-hotspot\bin\jsvml.dll
Event: 0.319 Loaded shared library D:\Program Files\Eclipse Adoptium\jdk-17.0.19.10-hotspot\bin\zip.dll
Event: 0.365 Loaded shared library D:\Program Files\Eclipse Adoptium\jdk-17.0.19.10-hotspot\bin\instrument.dll
Event: 0.417 Loaded shared library D:\Program Files\Eclipse Adoptium\jdk-17.0.19.10-hotspot\bin\net.dll
Event: 0.422 Loaded shared library D:\Program Files\Eclipse Adoptium\jdk-17.0.19.10-hotspot\bin\nio.dll
Event: 0.431 Loaded shared library D:\Program Files\Eclipse Adoptium\jdk-17.0.19.10-hotspot\bin\zip.dll
Event: 1.741 Loaded shared library D:\Program Files\Eclipse Adoptium\jdk-17.0.19.10-hotspot\bin\jimage.dll
Event: 2.411 Loaded shared library D:\Program Files\Eclipse Adoptium\jdk-17.0.19.10-hotspot\bin\verify.dll
Event: 2.634 Loaded shared library C:\Users\HP PAVILION\.gradle\native\1def1411415f61bf3af743bc5b6707747c0891f09f0c88961ee8f79bc544acac\windows-amd64\native-platform.dll
Event: 2.680 Loaded shared library C:\Users\HP PAVILION\.gradle\native\0.2.7\x86_64-windows-gnu\gradle-fileevents.dll
Event: 6.166 Loaded shared library D:\Program Files\Eclipse Adoptium\jdk-17.0.19.10-hotspot\bin\management.dll
Event: 6.177 Loaded shared library D:\Program Files\Eclipse Adoptium\jdk-17.0.19.10-hotspot\bin\management_ext.dll
Event: 7.082 Loaded shared library D:\Program Files\Eclipse Adoptium\jdk-17.0.19.10-hotspot\bin\extnet.dll
Event: 7.687 Loaded shared library D:\Program Files\Eclipse Adoptium\jdk-17.0.19.10-hotspot\bin\sunmscapi.dll

Deoptimization events (20 events):
Event: 38.670 Thread 0x00000229122013c0 Uncommon trap: trap_request=0xffffffc6 fr.pc=0x00000228b9cf66d8 relative=0x00000000000005d8
Event: 38.670 Thread 0x00000229122013c0 Uncommon trap: reason=bimorphic_or_optimized_type_check action=maybe_recompile pc=0x00000228b9cf66d8 method=org.jetbrains.kotlin.protobuf.CodedInputStream.tryRefillBuffer(I)Z @ 177 c2
Event: 38.670 Thread 0x00000229122013c0 DEOPT PACKING pc=0x00000228b9cf66d8 sp=0x00000031ee4f4a20
Event: 38.670 Thread 0x00000229122013c0 DEOPT UNPACKING pc=0x00000228b97666a3 sp=0x00000031ee4f4900 mode 2
Event: 38.685 Thread 0x00000229122013c0 Uncommon trap: trap_request=0xffffffc6 fr.pc=0x00000228b9cf66d8 relative=0x00000000000005d8
Event: 38.685 Thread 0x00000229122013c0 Uncommon trap: reason=bimorphic_or_optimized_type_check action=maybe_recompile pc=0x00000228b9cf66d8 method=org.jetbrains.kotlin.protobuf.CodedInputStream.tryRefillBuffer(I)Z @ 177 c2
Event: 38.685 Thread 0x00000229122013c0 DEOPT PACKING pc=0x00000228b9cf66d8 sp=0x00000031ee4f4a20
Event: 38.685 Thread 0x00000229122013c0 DEOPT UNPACKING pc=0x00000228b97666a3 sp=0x00000031ee4f4900 mode 2
Event: 38.717 Thread 0x00000229122013c0 Uncommon trap: trap_request=0xffffff45 fr.pc=0x00000228b9f54f08 relative=0x00000000000005c8
Event: 38.717 Thread 0x00000229122013c0 Uncommon trap: reason=unstable_if action=reinterpret pc=0x00000228b9f54f08 method=org.jetbrains.org.objectweb.asm.ClassReader.readUtf(II[C)Ljava/lang/String; @ 41 c2
Event: 38.717 Thread 0x00000229122013c0 DEOPT PACKING pc=0x00000228b9f54f08 sp=0x00000031ee4f3f00
Event: 38.717 Thread 0x00000229122013c0 DEOPT UNPACKING pc=0x00000228b97666a3 sp=0x00000031ee4f3e08 mode 2
Event: 38.865 Thread 0x00000229122013c0 Uncommon trap: trap_request=0xffffff45 fr.pc=0x00000228b9f50288 relative=0x00000000000004c8
Event: 38.865 Thread 0x00000229122013c0 Uncommon trap: reason=unstable_if action=reinterpret pc=0x00000228b9f50288 method=org.jetbrains.org.objectweb.asm.ClassReader.readUtf(II[C)Ljava/lang/String; @ 41 c2
Event: 38.865 Thread 0x00000229122013c0 DEOPT PACKING pc=0x00000228b9f50288 sp=0x00000031ee4f3c70
Event: 38.865 Thread 0x00000229122013c0 DEOPT UNPACKING pc=0x00000228b97666a3 sp=0x00000031ee4f3c18 mode 2
Event: 41.083 Thread 0x00000229122013c0 Uncommon trap: trap_request=0xffffffbe fr.pc=0x00000228b9f5fe78 relative=0x0000000000000878
Event: 41.083 Thread 0x00000229122013c0 Uncommon trap: reason=profile_predicate action=maybe_recompile pc=0x00000228b9f5fe78 method=java.util.regex.Pattern$BnM.optimize(Ljava/util/regex/Pattern$Node;)Ljava/util/regex/Pattern$Node; @ 67 c2
Event: 41.084 Thread 0x00000229122013c0 DEOPT PACKING pc=0x00000228b9f5fe78 sp=0x00000031ee4f2630
Event: 41.084 Thread 0x00000229122013c0 DEOPT UNPACKING pc=0x00000228b97666a3 sp=0x00000031ee4f2560 mode 2

Classes loaded (20 events):
Event: 28.180 Loading class java/util/regex/Pattern$Bound
Event: 28.181 Loading class java/util/regex/Pattern$Bound done
Event: 28.182 Loading class java/util/regex/Pattern$LookBehindEndNode
Event: 28.183 Loading class java/util/regex/Pattern$LookBehindEndNode done
Event: 28.183 Loading class java/util/regex/Pattern$NotBehind
Event: 28.184 Loading class java/util/regex/Pattern$NotBehind done
Event: 38.170 Loading class java/util/ArrayList$ListItr
Event: 38.254 Loading class java/util/ArrayList$ListItr done
Event: 38.966 Loading class java/text/StringCharacterIterator
Event: 38.981 Loading class java/text/CharacterIterator
Event: 38.990 Loading class java/text/CharacterIterator done
Event: 38.990 Loading class java/text/StringCharacterIterator done
Event: 39.267 Loading class java/io/NotSerializableException
Event: 39.277 Loading class java/io/NotSerializableException done
Event: 39.400 Loading class java/util/AbstractList$ListItr
Event: 39.401 Loading class java/util/AbstractList$ListItr done
Event: 40.451 Loading class java/util/function/IntUnaryOperator
Event: 40.453 Loading class java/util/function/IntUnaryOperator done
Event: 40.839 Loading class java/util/AbstractList$SubList$1
Event: 40.840 Loading class java/util/AbstractList$SubList$1 done

Classes unloaded (0 events):
No events

Classes redefined (0 events):
No events

Internal exceptions (20 events):
Event: 24.124 Thread 0x00000229122013c0 Exception <a 'java/lang/NoSuchMethodError'{0x00000007b3459710}: 'void java.lang.invoke.DelegatingMethodHandle$Holder.reinvoke_L(java.lang.Object, java.lang.Object, java.lang.Object, long, java.lang.Object)'> (0x00000007b3459710) 
thrown [s\src\hotspot\share\interpreter\linkResolver.cpp, line 759]
Event: 24.125 Thread 0x00000229122013c0 Exception <a 'java/lang/NoSuchMethodError'{0x00000007b3462028}: 'java.lang.Object java.lang.invoke.DirectMethodHandle$Holder.invokeSpecial(java.lang.Object, java.lang.Object, java.lang.Object, java.lang.Object, long)'> (0x00000007b3462028) 
thrown [s\src\hotspot\share\interpreter\linkResolver.cpp, line 759]
Event: 24.127 Thread 0x00000229122013c0 Exception <a 'java/lang/NoSuchMethodError'{0x00000007b3472820}: 'int java.lang.invoke.DelegatingMethodHandle$Holder.reinvoke_L(java.lang.Object, java.lang.Object, java.lang.Object, long, java.lang.Object, java.lang.Object)'> (0x00000007b3472820) 
thrown [s\src\hotspot\share\interpreter\linkResolver.cpp, line 759]
Event: 24.130 Thread 0x00000229122013c0 Exception <a 'java/lang/NoSuchMethodError'{0x00000007b3482d68}: 'int java.lang.invoke.DelegatingMethodHandle$Holder.reinvoke_L(java.lang.Object, java.lang.Object, java.lang.Object, long, int, int)'> (0x00000007b3482d68) 
thrown [s\src\hotspot\share\interpreter\linkResolver.cpp, line 759]
Event: 24.132 Thread 0x00000229122013c0 Exception <a 'java/lang/NoSuchMethodError'{0x00000007b3492c08}: 'int java.lang.invoke.DelegatingMethodHandle$Holder.reinvoke_L(java.lang.Object, java.lang.Object, java.lang.Object, long, long, long)'> (0x00000007b3492c08) 
thrown [s\src\hotspot\share\interpreter\linkResolver.cpp, line 759]
Event: 24.136 Thread 0x00000229122013c0 Exception <a 'java/lang/NoSuchMethodError'{0x00000007b34a2790}: 'int java.lang.invoke.DelegatingMethodHandle$Holder.reinvoke_L(java.lang.Object, java.lang.Object, java.lang.Object, long, int)'> (0x00000007b34a2790) 
thrown [s\src\hotspot\share\interpreter\linkResolver.cpp, line 759]
Event: 24.143 Thread 0x00000229122013c0 Exception <a 'java/lang/NoSuchMethodError'{0x00000007b34bd970}: 'void java.lang.invoke.DelegatingMethodHandle$Holder.reinvoke_L(java.lang.Object, java.lang.Object, java.lang.Object, long, java.lang.Object, long, long)'> (0x00000007b34bd970) 
thrown [s\src\hotspot\share\interpreter\linkResolver.cpp, line 759]
Event: 24.145 Thread 0x00000229122013c0 Exception <a 'java/lang/NoSuchMethodError'{0x00000007b34c5e30}: 'long java.lang.invoke.Invokers$Holder.invokeExact_MT(java.lang.Object, java.lang.Object, java.lang.Object)'> (0x00000007b34c5e30) 
thrown [s\src\hotspot\share\interpreter\linkResolver.cpp, line 759]
Event: 24.147 Thread 0x00000229122013c0 Exception <a 'java/lang/NoSuchMethodError'{0x00000007b34cafd8}: 'int java.lang.invoke.Invokers$Holder.invokeExact_MT(java.lang.Object, java.lang.Object, java.lang.Object)'> (0x00000007b34cafd8) 
thrown [s\src\hotspot\share\interpreter\linkResolver.cpp, line 759]
Event: 25.631 Thread 0x00000229122013c0 Exception <a 'java/lang/NoSuchMethodError'{0x00000007b5734570}: 'java.lang.Object java.lang.invoke.DirectMethodHandle$Holder.invokeStatic(java.lang.Object, java.lang.Object, java.lang.Object, java.lang.Object, int, java.lang.Object)'> (0x00000007b5734570) 
thrown [s\src\hotspot\share\interpreter\linkResolver.cpp, line 759]
Event: 25.726 Thread 0x00000229122013c0 Exception <a 'java/lang/NoSuchMethodError'{0x00000007b5835a28}: 'java.lang.Object java.lang.invoke.Invokers$Holder.invoke_MT(java.lang.Object, java.lang.Object, java.lang.Object)'> (0x00000007b5835a28) 
thrown [s\src\hotspot\share\interpreter\linkResolver.cpp, line 759]
Event: 26.689 Thread 0x00000229122013c0 Exception <a 'java/lang/NoSuchMethodError'{0x00000007b69c28f0}: 'java.lang.Object java.lang.invoke.Invokers$Holder.invokeExact_MT(java.lang.Object, java.lang.Object, long, java.lang.Object)'> (0x00000007b69c28f0) 
thrown [s\src\hotspot\share\interpreter\linkResolver.cpp, line 759]
Event: 38.317 Thread 0x00000229122013c0 Exception <a 'java/lang/NoSuchMethodError'{0x00000007b067be00}: 'java.lang.Object java.lang.invoke.DirectMethodHandle$Holder.newInvokeSpecial(java.lang.Object, java.lang.Object, java.lang.Object, int)'> (0x00000007b067be00) 
thrown [s\src\hotspot\share\interpreter\linkResolver.cpp, line 759]
Event: 38.318 Thread 0x00000229122013c0 Exception <a 'java/lang/NoSuchMethodError'{0x00000007b0681c28}: 'java.lang.Object java.lang.invoke.DirectMethodHandle$Holder.invokeSpecial(java.lang.Object, java.lang.Object, java.lang.Object, java.lang.Object, int)'> (0x00000007b0681c28) 
thrown [s\src\hotspot\share\interpreter\linkResolver.cpp, line 759]
Event: 38.318 Thread 0x00000229122013c0 Exception <a 'java/lang/NoSuchMethodError'{0x00000007b0687238}: 'java.lang.Object java.lang.invoke.Invokers$Holder.linkToTargetMethod(java.lang.Object, java.lang.Object, int, java.lang.Object)'> (0x00000007b0687238) 
thrown [s\src\hotspot\share\interpreter\linkResolver.cpp, line 759]
Event: 38.357 Thread 0x00000229122013c0 Implicit null exception at 0x00000228b9ee9bec to 0x00000228b9ee9c94
Event: 39.215 Thread 0x00000229122013c0 Exception <a 'java/lang/NoSuchMethodError'{0x00000007b112a6f8}: 'java.lang.Object java.lang.invoke.DirectMethodHandle$Holder.newInvokeSpecial(java.lang.Object, java.lang.Object, java.lang.Object, java.lang.Object, int)'> (0x00000007b112a6f8) 
thrown [s\src\hotspot\share\interpreter\linkResolver.cpp, line 759]
Event: 39.216 Thread 0x00000229122013c0 Exception <a 'java/lang/NoSuchMethodError'{0x00000007b11301d0}: 'java.lang.Object java.lang.invoke.DirectMethodHandle$Holder.invokeSpecial(java.lang.Object, java.lang.Object, java.lang.Object, java.lang.Object, java.lang.Object, int)'> (0x00000007b11301d0) 
thrown [s\src\hotspot\share\interpreter\linkResolver.cpp, line 759]
Event: 39.218 Thread 0x00000229122013c0 Exception <a 'java/lang/NoSuchMethodError'{0x00000007b1135658}: 'java.lang.Object java.lang.invoke.Invokers$Holder.linkToTargetMethod(java.lang.Object, java.lang.Object, java.lang.Object, int, java.lang.Object)'> (0x00000007b1135658) 
thrown [s\src\hotspot\share\interpreter\linkResolver.cpp, line 759]
Event: 41.078 Thread 0x00000229122013c0 Exception <a 'java/lang/NoSuchMethodError'{0x00000007b2aa3898}: 'java.lang.Object java.lang.invoke.DirectMethodHandle$Holder.invokeStatic(java.lang.Object, java.lang.Object, java.lang.Object, java.lang.Object, int)'> (0x00000007b2aa3898) 
thrown [s\src\hotspot\share\interpreter\linkResolver.cpp, line 759]

VM Operations (20 events):
Event: 38.255 Executing VM operation: HandshakeAllThreads
Event: 38.255 Executing VM operation: HandshakeAllThreads done
Event: 38.310 Executing VM operation: HandshakeAllThreads
Event: 38.310 Executing VM operation: HandshakeAllThreads done
Event: 38.638 Executing VM operation: HandshakeAllThreads
Event: 38.639 Executing VM operation: HandshakeAllThreads done
Event: 39.402 Executing VM operation: HandshakeAllThreads
Event: 39.402 Executing VM operation: HandshakeAllThreads done
Event: 39.402 Executing VM operation: Cleanup
Event: 39.402 Executing VM operation: Cleanup done
Event: 40.408 Executing VM operation: Cleanup
Event: 40.408 Executing VM operation: Cleanup done
Event: 40.548 Executing VM operation: HandshakeAllThreads
Event: 40.548 Executing VM operation: HandshakeAllThreads done
Event: 40.627 Executing VM operation: HandshakeAllThreads
Event: 40.627 Executing VM operation: HandshakeAllThreads done
Event: 41.464 Executing VM operation: HandshakeAllThreads
Event: 41.464 Executing VM operation: HandshakeAllThreads done
Event: 41.464 Executing VM operation: Cleanup
Event: 41.464 Executing VM operation: Cleanup done

Memory protections (0 events):
No events

Nmethod flushes (20 events):
Event: 26.985 Thread 0x000002290d238070 flushing  nmethod 0x00000228b29d1110
Event: 26.985 Thread 0x000002290d238070 flushing  nmethod 0x00000228b29d3510
Event: 26.985 Thread 0x000002290d238070 flushing  nmethod 0x00000228b29da690
Event: 26.985 Thread 0x000002290d238070 flushing  nmethod 0x00000228b29e7310
Event: 26.985 Thread 0x000002290d238070 flushing  nmethod 0x00000228b29e8690
Event: 26.985 Thread 0x000002290d238070 flushing  nmethod 0x00000228b29eb790
Event: 26.985 Thread 0x000002290d238070 flushing  nmethod 0x00000228b29ebe10
Event: 26.985 Thread 0x000002290d238070 flushing  nmethod 0x00000228b29f7590
Event: 26.985 Thread 0x000002290d238070 flushing  nmethod 0x00000228b29f8310
Event: 26.985 Thread 0x000002290d238070 flushing  nmethod 0x00000228b29f9210
Event: 26.985 Thread 0x000002290d238070 flushing  nmethod 0x00000228b2a05d10
Event: 26.985 Thread 0x000002290d238070 flushing  nmethod 0x00000228b2a06310
Event: 26.985 Thread 0x000002290d238070 flushing  nmethod 0x00000228b2a06a10
Event: 26.985 Thread 0x000002290d238070 flushing  nmethod 0x00000228b2a73e90
Event: 26.986 Thread 0x000002290d238070 flushing  nmethod 0x00000228b2a75810
Event: 26.986 Thread 0x000002290d238070 flushing  nmethod 0x00000228b2a76110
Event: 26.986 Thread 0x000002290d238070 flushing  nmethod 0x00000228b2a76610
Event: 26.986 Thread 0x000002290d238070 flushing  nmethod 0x00000228b2a86c90
Event: 26.986 Thread 0x000002290d238070 flushing  nmethod 0x00000228b2a97890
Event: 26.986 Thread 0x000002290d238070 flushing  nmethod 0x00000228b2a9bb90

Events (20 events):
Event: 4.481 Thread 0x0000022912147190 Thread exited: 0x0000022912147190
Event: 6.432 Thread 0x00000228aa6540c0 Thread added: 0x000002290d893440
Event: 7.472 Thread 0x00000228aa6540c0 Thread added: 0x000002290d2fa450
Event: 7.609 Thread 0x00000228aa6540c0 Thread added: 0x000002290d4f3c50
Event: 7.834 Thread 0x000002290d2fa450 Thread added: 0x0000022912200eb0
Event: 7.842 Thread 0x0000022912200eb0 Thread added: 0x0000022912202d10
Event: 7.935 Thread 0x0000022912200eb0 Thread added: 0x0000022912201de0
Event: 7.963 Thread 0x0000022912200eb0 Thread added: 0x00000229122013c0
Event: 8.007 Thread 0x00000229122013c0 Thread added: 0x00000229122018d0
Event: 8.016 Thread 0x00000229122013c0 Thread added: 0x0000022912202800
Event: 8.022 Thread 0x00000229122013c0 Thread added: 0x00000229122009a0
Event: 9.158 Thread 0x00000229122013c0 Thread added: 0x00000229121ffa70
Event: 9.172 Thread 0x00000229122013c0 Thread added: 0x0000022912200490
Event: 9.236 Thread 0x00000229122013c0 Thread added: 0x00000229122022f0
Event: 11.447 Thread 0x00000229122013c0 Thread added: 0x00000229121ff560
Event: 11.570 Thread 0x00000229122013c0 Thread added: 0x000002290d3ad4d0
Event: 12.130 Thread 0x00000229122013c0 Thread added: 0x000002290d3ae400
Event: 13.278 Thread 0x00000229122013c0 Thread added: 0x000002290d3b1bb0
Event: 14.351 Thread 0x00000229122013c0 Thread added: 0x000002290d3afd50
Event: 14.368 Thread 0x00000229122013c0 Thread added: 0x000002290d3b0c80


Dynamic libraries:
0x00007ff72e7b0000 - 0x00007ff72e7be000 	D:\Program Files\Eclipse Adoptium\jdk-17.0.19.10-hotspot\bin\java.exe
0x00007ff9a82f0000 - 0x00007ff9a84e8000 	C:\WINDOWS\SYSTEM32\ntdll.dll
0x00007ff9a7240000 - 0x00007ff9a7302000 	C:\WINDOWS\System32\KERNEL32.DLL
0x00007ff9a5d60000 - 0x00007ff9a6056000 	C:\WINDOWS\System32\KERNELBASE.dll
0x00007ff9a6060000 - 0x00007ff9a6160000 	C:\WINDOWS\System32\ucrtbase.dll
0x00007ff994a80000 - 0x00007ff994a98000 	D:\Program Files\Eclipse Adoptium\jdk-17.0.19.10-hotspot\bin\jli.dll
0x00007ff9a7fd0000 - 0x00007ff9a8171000 	C:\WINDOWS\System32\USER32.dll
0x00007ff9a62b0000 - 0x00007ff9a62d2000 	C:\WINDOWS\System32\win32u.dll
0x00007ff9a6830000 - 0x00007ff9a685b000 	C:\WINDOWS\System32\GDI32.dll
0x00007ff9a59d0000 - 0x00007ff9a5ae9000 	C:\WINDOWS\System32\gdi32full.dll
0x00007ff9a6210000 - 0x00007ff9a62ad000 	C:\WINDOWS\System32\msvcp_win.dll
0x00007ff994a60000 - 0x00007ff994a7e000 	D:\Program Files\Eclipse Adoptium\jdk-17.0.19.10-hotspot\bin\VCRUNTIME140.dll
0x00007ff991660000 - 0x00007ff9918fb000 	C:\WINDOWS\WinSxS\amd64_microsoft.windows.common-controls_6595b64144ccf1df_6.0.19041.6456_none_60b8a6cb71f64256\COMCTL32.dll
0x00007ff9a6fc0000 - 0x00007ff9a705e000 	C:\WINDOWS\System32\msvcrt.dll
0x00007ff9a7210000 - 0x00007ff9a723f000 	C:\WINDOWS\System32\IMM32.DLL
0x00007ff9a2c60000 - 0x00007ff9a2c6c000 	D:\Program Files\Eclipse Adoptium\jdk-17.0.19.10-hotspot\bin\vcruntime140_1.dll
0x00007ff97d790000 - 0x00007ff97d81d000 	D:\Program Files\Eclipse Adoptium\jdk-17.0.19.10-hotspot\bin\msvcp140.dll
0x00007ff938ba0000 - 0x00007ff93980c000 	D:\Program Files\Eclipse Adoptium\jdk-17.0.19.10-hotspot\bin\server\jvm.dll
0x00007ff9a6df0000 - 0x00007ff9a6ea1000 	C:\WINDOWS\System32\ADVAPI32.dll
0x00007ff9a6d50000 - 0x00007ff9a6def000 	C:\WINDOWS\System32\sechost.dll
0x00007ff9a70f0000 - 0x00007ff9a7210000 	C:\WINDOWS\System32\RPCRT4.dll
0x00007ff9a62e0000 - 0x00007ff9a6307000 	C:\WINDOWS\System32\bcrypt.dll
0x00007ff9a6860000 - 0x00007ff9a68cb000 	C:\WINDOWS\System32\WS2_32.dll
0x00007ff9a57e0000 - 0x00007ff9a582b000 	C:\WINDOWS\SYSTEM32\POWRPROF.dll
0x00007ff992700000 - 0x00007ff992727000 	C:\WINDOWS\SYSTEM32\WINMM.dll
0x00007ff99d000000 - 0x00007ff99d00a000 	C:\WINDOWS\SYSTEM32\VERSION.dll
0x00007ff9a57c0000 - 0x00007ff9a57d2000 	C:\WINDOWS\SYSTEM32\UMPDC.dll
0x00007ff9a37b0000 - 0x00007ff9a37c2000 	C:\WINDOWS\SYSTEM32\kernel.appcore.dll
0x00007ff9a0d90000 - 0x00007ff9a0d9a000 	D:\Program Files\Eclipse Adoptium\jdk-17.0.19.10-hotspot\bin\jimage.dll
0x00007ff99f190000 - 0x00007ff99f391000 	C:\WINDOWS\SYSTEM32\DBGHELP.DLL
0x00007ff98b6c0000 - 0x00007ff98b6f4000 	C:\WINDOWS\SYSTEM32\dbgcore.DLL
0x00007ff9a5b70000 - 0x00007ff9a5bf2000 	C:\WINDOWS\System32\bcryptPrimitives.dll
0x00007ff994c60000 - 0x00007ff994c6e000 	D:\Program Files\Eclipse Adoptium\jdk-17.0.19.10-hotspot\bin\instrument.dll
0x00007ff984600000 - 0x00007ff984625000 	D:\Program Files\Eclipse Adoptium\jdk-17.0.19.10-hotspot\bin\java.dll
0x00007ff97d2d0000 - 0x00007ff97d3a7000 	D:\Program Files\Eclipse Adoptium\jdk-17.0.19.10-hotspot\bin\jsvml.dll
0x00007ff9a7800000 - 0x00007ff9a7f70000 	C:\WINDOWS\System32\SHELL32.dll
0x00007ff9a39b0000 - 0x00007ff9a4155000 	C:\WINDOWS\SYSTEM32\windows.storage.dll
0x00007ff9a74a0000 - 0x00007ff9a77f4000 	C:\WINDOWS\System32\combase.dll
0x00007ff9a51f0000 - 0x00007ff9a521b000 	C:\WINDOWS\SYSTEM32\Wldp.dll
0x00007ff9a65a0000 - 0x00007ff9a666d000 	C:\WINDOWS\System32\OLEAUT32.dll
0x00007ff9a8180000 - 0x00007ff9a822d000 	C:\WINDOWS\System32\SHCORE.dll
0x00007ff9a7440000 - 0x00007ff9a749b000 	C:\WINDOWS\System32\shlwapi.dll
0x00007ff9a58b0000 - 0x00007ff9a58d4000 	C:\WINDOWS\SYSTEM32\profapi.dll
0x00007ff991fe0000 - 0x00007ff991ff8000 	D:\Program Files\Eclipse Adoptium\jdk-17.0.19.10-hotspot\bin\zip.dll
0x00007ff994870000 - 0x00007ff99488a000 	D:\Program Files\Eclipse Adoptium\jdk-17.0.19.10-hotspot\bin\net.dll
0x00007ff99cef0000 - 0x00007ff99cffa000 	C:\WINDOWS\SYSTEM32\WINHTTP.dll
0x00007ff9a4fd0000 - 0x00007ff9a503a000 	C:\WINDOWS\system32\mswsock.dll
0x00007ff992450000 - 0x00007ff992466000 	D:\Program Files\Eclipse Adoptium\jdk-17.0.19.10-hotspot\bin\nio.dll
0x00007ff9a0ae0000 - 0x00007ff9a0af0000 	D:\Program Files\Eclipse Adoptium\jdk-17.0.19.10-hotspot\bin\verify.dll
0x00007ff984480000 - 0x00007ff9844a7000 	C:\Users\HP PAVILION\.gradle\native\1def1411415f61bf3af743bc5b6707747c0891f09f0c88961ee8f79bc544acac\windows-amd64\native-platform.dll
0x00007ff97d590000 - 0x00007ff97d608000 	C:\Users\HP PAVILION\.gradle\native\0.2.7\x86_64-windows-gnu\gradle-fileevents.dll
0x00007ff99dbd0000 - 0x00007ff99dbda000 	D:\Program Files\Eclipse Adoptium\jdk-17.0.19.10-hotspot\bin\management.dll
0x00007ff99db90000 - 0x00007ff99db9c000 	D:\Program Files\Eclipse Adoptium\jdk-17.0.19.10-hotspot\bin\management_ext.dll
0x00007ff9a6d40000 - 0x00007ff9a6d48000 	C:\WINDOWS\System32\PSAPI.DLL
0x00007ff9a4cd0000 - 0x00007ff9a4d0b000 	C:\WINDOWS\SYSTEM32\IPHLPAPI.DLL
0x00007ff9a66f0000 - 0x00007ff9a66f8000 	C:\WINDOWS\System32\NSI.dll
0x00007ff99e3d0000 - 0x00007ff99e3e7000 	C:\WINDOWS\SYSTEM32\dhcpcsvc6.DLL
0x00007ff99e0e0000 - 0x00007ff99e0fd000 	C:\WINDOWS\SYSTEM32\dhcpcsvc.DLL
0x00007ff9a4d10000 - 0x00007ff9a4dda000 	C:\WINDOWS\SYSTEM32\DNSAPI.dll
0x00007ff995d90000 - 0x00007ff995d99000 	D:\Program Files\Eclipse Adoptium\jdk-17.0.19.10-hotspot\bin\extnet.dll
0x00007ff9a5230000 - 0x00007ff9a5248000 	C:\WINDOWS\SYSTEM32\CRYPTSP.dll
0x00007ff9a4910000 - 0x00007ff9a4948000 	C:\WINDOWS\system32\rsaenh.dll
0x00007ff9a5870000 - 0x00007ff9a589e000 	C:\WINDOWS\SYSTEM32\USERENV.dll
0x00007ff9a5160000 - 0x00007ff9a516c000 	C:\WINDOWS\SYSTEM32\CRYPTBASE.dll
0x00007ff994a50000 - 0x00007ff994a5e000 	D:\Program Files\Eclipse Adoptium\jdk-17.0.19.10-hotspot\bin\sunmscapi.dll
0x00007ff9a5c00000 - 0x00007ff9a5d5d000 	C:\WINDOWS\System32\CRYPT32.dll
0x00007ff9a5340000 - 0x00007ff9a5367000 	C:\WINDOWS\SYSTEM32\ncrypt.dll
0x00007ff9a5300000 - 0x00007ff9a533b000 	C:\WINDOWS\SYSTEM32\NTASN1.dll
0x00007ff97bdf0000 - 0x00007ff97bdf7000 	C:\WINDOWS\system32\wshunix.dll

dbghelp: loaded successfully - version: 4.0.5 - missing functions: none
symbol engine: initialized successfully - sym options: 0x614 - pdb path: .;D:\Program Files\Eclipse Adoptium\jdk-17.0.19.10-hotspot\bin;C:\WINDOWS\SYSTEM32;C:\WINDOWS\WinSxS\amd64_microsoft.windows.common-controls_6595b64144ccf1df_6.0.19041.6456_none_60b8a6cb71f64256;D:\Program Files\Eclipse Adoptium\jdk-17.0.19.10-hotspot\bin\server;C:\Users\HP PAVILION\.gradle\native\1def1411415f61bf3af743bc5b6707747c0891f09f0c88961ee8f79bc544acac\windows-amd64;C:\Users\HP PAVILION\.gradle\native\0.2.7\x86_64-windows-gnu

VM Arguments:
jvm_args: --add-opens=java.base/java.lang=ALL-UNNAMED --add-opens=java.base/java.lang.invoke=ALL-UNNAMED --add-opens=java.base/java.util=ALL-UNNAMED --add-opens=java.prefs/java.util.prefs=ALL-UNNAMED --add-exports=jdk.compiler/com.sun.tools.javac.api=ALL-UNNAMED --add-exports=jdk.compiler/com.sun.tools.javac.util=ALL-UNNAMED --add-opens=java.base/java.util=ALL-UNNAMED --add-opens=java.prefs/java.util.prefs=ALL-UNNAMED --add-opens=java.base/java.nio.charset=ALL-UNNAMED --add-opens=java.base/java.net=ALL-UNNAMED --add-opens=java.base/java.util.concurrent.atomic=ALL-UNNAMED --add-opens=java.xml/javax.xml.namespace=ALL-UNNAMED -XX:+UseParallelGC -Xmx4g -Dfile.encoding=UTF-8 -Duser.country=EC -Duser.language=es -Duser.variant -javaagent:C:\Users\HP PAVILION\.gradle\wrapper\dists\gradle-8.14.2-bin\2pb3mgt1p815evrl3weanttgr\gradle-8.14.2\lib\agents\gradle-instrumentation-agent-8.14.2.jar 
java_command: org.gradle.launcher.daemon.bootstrap.GradleDaemon 8.14.2
java_class_path (initial): C:\Users\HP PAVILION\.gradle\wrapper\dists\gradle-8.14.2-bin\2pb3mgt1p815evrl3weanttgr\gradle-8.14.2\lib\gradle-daemon-main-8.14.2.jar
Launcher Type: SUN_STANDARD

[Global flags]
     intx CICompilerCount                          = 4                                         {product} {ergonomic}
   size_t InitialHeapSize                          = 234881024                                 {product} {ergonomic}
   size_t MaxHeapSize                              = 4294967296                                {product} {command line}
   size_t MaxNewSize                               = 1431306240                                {product} {ergonomic}
   size_t MinHeapDeltaBytes                        = 524288                                    {product} {ergonomic}
   size_t MinHeapSize                              = 8388608                                   {product} {ergonomic}
   size_t NewSize                                  = 78118912                                  {product} {ergonomic}
    uintx NonNMethodCodeHeapSize                   = 5839372                                {pd product} {ergonomic}
    uintx NonProfiledCodeHeapSize                  = 122909434                              {pd product} {ergonomic}
   size_t OldSize                                  = 156762112                                 {product} {ergonomic}
    uintx ProfiledCodeHeapSize                     = 122909434                              {pd product} {ergonomic}
    uintx ReservedCodeCacheSize                    = 251658240                              {pd product} {ergonomic}
     bool SegmentedCodeCache                       = true                                      {product} {ergonomic}
   size_t SoftMaxHeapSize                          = 4294967296                             {manageable} {ergonomic}
     bool UseCompressedClassPointers               = true                           {product lp64_product} {ergonomic}
     bool UseCompressedOops                        = true                           {product lp64_product} {ergonomic}
     bool UseLargePagesIndividualAllocation        = false                                  {pd product} {ergonomic}
     bool UseParallelGC                            = true                                      {product} {command line}

Logging:
Log output configuration:
 #0: stdout all=warning uptime,level,tags
 #1: stderr all=off uptime,level,tags

Environment Variables:
JAVA_HOME=D:\Program Files\Eclipse Adoptium\jdk-17.0.19.10-hotspot
PATH=C:\Program Files (x86)\Microsoft\Edge\Application;D:\Program Files\Eclipse Adoptium\jdk-17.0.19.10-hotspot\bin;C:\Program Files (x86)\Common Files\ArchestrA\;C:\Program Files (x86)\Common Files\Intel\Shared Libraries\redist\intel64\compiler;C:\WINDOWS\system32;C:\WINDOWS;C:\WINDOWS\System32\Wbem;C:\WINDOWS\System32\WindowsPowerShell\v1.0\;C:\WINDOWS\System32\OpenSSH\;C:\Program Files (x86)\Microsoft SQL Server\Client SDK\ODBC\110\Tools\Binn\;C:\Program Files (x86)\Microsoft SQL Server\120\Tools\Binn\;C:\Program Files (x86)\Microsoft SQL Server\120\DTS\Binn\;C:\Program Files (x86)\Common Files\Siemens\;C:\Program Files (x86)\Common Files\Siemens\Interfaces;C:\Program Files (x86)\Common Files\Siemens\ACE\Interfaces;C:\Program Files (x86)\Microsoft SQL Server\120\Tools\Binn\ManagementStudio\;C:\Program Files (x86)\Wonderware\InTouch\;C:\Program Files\dotnet\;C:\Program Files (x86)\dotnet\;C:\Program Files (x86)\Windows Kits\8.1\Windows Performance Toolkit\;C:\Program Files\Git\cmd;C:\Program Files\nodejs\;C:\Users\HP PAVILION\AppData\Local\Programs\Python\Launcher\;C:\Users\HP PAVILION\AppData\Local\Microsoft\WindowsApps;C:\Users\HP PAVILION\AppData\Local\Programs\Microsoft VS Code\bin;C:\Users\HP PAVILION\AppData\Local\Python\bin;C:\Users\HP PAVILION\AppData\Local\Programs\gettext-iconv\bin;C:\Users\HP PAVILION\AppData\Local\Programs\Antigravity\bin;C:\Users\HP PAVILION\AppData\Roaming\npm;C:\Users\HP PAVILION\Downloads\flutter\bin;C:\src\flutter\bin;C:\platform-tools;C:\Users\HP PAVILION\AppData\Local\Programs\Antigravity IDE\bin;c:\Users\HP PAVILION\.antigravity-ide\extensions\vscjava.vscode-java-debug-0.59.0-universal\bundled\scripts\noConfigScripts
USERNAME=HP PAVILION
LANG=en_US.UTF-8
OS=Windows_NT
PROCESSOR_IDENTIFIER=AMD64 Family 23 Model 24 Stepping 1, AuthenticAMD
TMP=C:\Users\HPPAVI~1\AppData\Local\Temp
TEMP=C:\Users\HPPAVI~1\AppData\Local\Temp



Periodic native trim disabled


---------------  S Y S T E M  ---------------

OS:
 Windows 10 , 64 bit Build 19041 (10.0.19041.5915)
OS uptime: 0 days 12:14 hours
Hyper-V role detected

CPU: total 8 (initial active 8) (8 cores per cpu, 2 threads per core) family 23 model 24 stepping 1 microcode 0x0, cx8, cmov, fxsr, ht, mmx, 3dnowpref, sse, sse2, sse3, ssse3, sse4a, sse4.1, sse4.2, popcnt, lzcnt, tsc, tscinvbit, avx, avx2, aes, clmul, bmi1, bmi2, adx, sha, fma, vzeroupper, clflush, clflushopt, hv
Processor Information for all 8 processors :
  Max Mhz: 2100, Current Mhz: 2100, Mhz Limit: 2100

Memory: 4k page, system-wide physical 14249M (230M free)
TotalPageFile size 28616M (AvailPageFile size 34M)
current process WorkingSet (physical memory assigned to process): 510M, peak: 511M
current process commit charge ("private bytes"): 1002M, peak: 1002M

vm_info: OpenJDK 64-Bit Server VM (17.0.19+10) for windows-amd64 JRE (17.0.19+10), built on Apr 25 2026 08:04:44 by "admin" with MS VC++ 17.12 (VS2022)

END.
