#
# There is insufficient memory for the Java Runtime Environment to continue.
# Native memory allocation (malloc) failed to allocate 1518096 bytes. Error detail: Chunk::new
# Possible reasons:
#   The system is out of physical RAM or swap space
#   This process is running with CompressedOops enabled, and the Java Heap may be blocking the growth of the native heap
# Possible solutions:
#   Reduce memory load on the system
#   Increase physical memory or swap space
#   Check if swap backing store is full
#   Decrease Java heap size (-Xmx/-Xms)
#   Decrease number of Java threads
#   Decrease Java thread stack sizes (-Xss)
#   Set larger code cache with -XX:ReservedCodeCacheSize=
#   JVM is running with Zero Based Compressed Oops mode in which the Java heap is
#     placed in the first 32GB address space. The Java Heap base address is the
#     maximum limit for the native heap growth. Please use -XX:HeapBaseMinAddress
#     to set the Java Heap base and to place the Java Heap above 32GB virtual address.
# This output file may be truncated or incomplete.
#
#  Out of Memory Error (arena.cpp:191), pid=28152, tid=26568
#
# JRE version: OpenJDK Runtime Environment Temurin-17.0.19+10 (17.0.19+10) (build 17.0.19+10)
# Java VM: OpenJDK 64-Bit Server VM Temurin-17.0.19+10 (17.0.19+10, mixed mode, sharing, tiered, compressed oops, compressed class ptrs, parallel gc, windows-amd64)
# No core dump will be written. Minidumps are not enabled by default on client versions of Windows
#

---------------  S U M M A R Y ------------

Command Line: --add-opens=java.base/java.lang=ALL-UNNAMED --add-opens=java.base/java.lang.invoke=ALL-UNNAMED --add-opens=java.base/java.util=ALL-UNNAMED --add-opens=java.prefs/java.util.prefs=ALL-UNNAMED --add-exports=jdk.compiler/com.sun.tools.javac.api=ALL-UNNAMED --add-exports=jdk.compiler/com.sun.tools.javac.util=ALL-UNNAMED --add-opens=java.base/java.util=ALL-UNNAMED --add-opens=java.prefs/java.util.prefs=ALL-UNNAMED --add-opens=java.base/java.nio.charset=ALL-UNNAMED --add-opens=java.base/java.net=ALL-UNNAMED --add-opens=java.base/java.util.concurrent.atomic=ALL-UNNAMED --add-opens=java.xml/javax.xml.namespace=ALL-UNNAMED -XX:+UseParallelGC -Xmx4g -Dfile.encoding=UTF-8 -Duser.country=EC -Duser.language=es -Duser.variant -javaagent:C:\Users\HP PAVILION\.gradle\wrapper\dists\gradle-8.14.2-bin\2pb3mgt1p815evrl3weanttgr\gradle-8.14.2\lib\agents\gradle-instrumentation-agent-8.14.2.jar org.gradle.launcher.daemon.bootstrap.GradleDaemon 8.14.2

Host: AMD Ryzen 5 3500U with Radeon Vega Mobile Gfx  , 8 cores, 13G,  Windows 10 , 64 bit Build 19041 (10.0.19041.5915)
Time: Sun Aug  2 23:11:01 2026 Hora est. Pacífico, Sudamérica elapsed time: 28.382961 seconds (0d 0h 0m 28s)

---------------  T H R E A D  ---------------

Current thread (0x000001c2377dc930):  JavaThread "C2 CompilerThread0" daemon [_thread_in_native, id=26568, stack(0x0000000bb8100000,0x0000000bb8200000)]


Current CompileTask:
C2:28383 3403   !   4       java.lang.reflect.Executable::declaredAnnotations (85 bytes)

Stack: [0x0000000bb8100000,0x0000000bb8200000]
Native frames: (J=compiled Java code, j=interpreted, Vv=VM code, C=native code)
V  [jvm.dll+0x684b29]
V  [jvm.dll+0x83a2d5]
V  [jvm.dll+0x83bd4e]
V  [jvm.dll+0x83c3d3]
V  [jvm.dll+0x24905f]
V  [jvm.dll+0xad536]
V  [jvm.dll+0xadbdc]
V  [jvm.dll+0x368d4f]
V  [jvm.dll+0x3331d5]
V  [jvm.dll+0x33263a]
V  [jvm.dll+0x219e69]
V  [jvm.dll+0x2192af]
V  [jvm.dll+0x1a49f0]
V  [jvm.dll+0x2299fa]
V  [jvm.dll+0x227bab]
V  [jvm.dll+0x7f0a88]
V  [jvm.dll+0x7eaf1c]
V  [jvm.dll+0x6839f7]
C  [ucrtbase.dll+0x21bb2]
C  [KERNEL32.DLL+0x17374]
C  [ntdll.dll+0x4cc91]


---------------  P R O C E S S  ---------------

Threads class SMR info:
_java_thread_list=0x000001c2031fe950, length=31, elements={
0x000001c217a65860, 0x000001c2377c8e00, 0x000001c2377c97d0, 0x000001c2377d7e00,
0x000001c2377d88d0, 0x000001c2377d93a0, 0x000001c2377dbc80, 0x000001c2377dc930,
0x000001c2377e3720, 0x000001c2377e4910, 0x000001c217ac8c70, 0x000001c27a85ca80,
0x000001c2001e6d80, 0x000001c200b060e0, 0x000001c200b06b00, 0x000001c200b05bd0,
0x000001c200b08960, 0x000001c200b051b0, 0x000001c200b07520, 0x000001c200b056c0,
0x000001c200b07010, 0x000001c200b065f0, 0x000001c200b07a30, 0x000001c200b08450,
0x000001c200b07f40, 0x000001c203105a40, 0x000001c203105f50, 0x000001c203104b10,
0x000001c203109700, 0x000001c2031078a0, 0x000001c203109c10
}

Java Threads: ( => current thread )
  0x000001c217a65860 JavaThread "main" [_thread_blocked, id=28468, stack(0x0000000bb7800000,0x0000000bb7900000)]
  0x000001c2377c8e00 JavaThread "Reference Handler" daemon [_thread_blocked, id=27056, stack(0x0000000bb7b00000,0x0000000bb7c00000)]
  0x000001c2377c97d0 JavaThread "Finalizer" daemon [_thread_blocked, id=27172, stack(0x0000000bb7c00000,0x0000000bb7d00000)]
  0x000001c2377d7e00 JavaThread "Signal Dispatcher" daemon [_thread_blocked, id=2300, stack(0x0000000bb7d00000,0x0000000bb7e00000)]
  0x000001c2377d88d0 JavaThread "Attach Listener" daemon [_thread_blocked, id=13116, stack(0x0000000bb7e00000,0x0000000bb7f00000)]
  0x000001c2377d93a0 JavaThread "Service Thread" daemon [_thread_blocked, id=26940, stack(0x0000000bb7f00000,0x0000000bb8000000)]
  0x000001c2377dbc80 JavaThread "Monitor Deflation Thread" daemon [_thread_blocked, id=3008, stack(0x0000000bb8000000,0x0000000bb8100000)]
=>0x000001c2377dc930 JavaThread "C2 CompilerThread0" daemon [_thread_in_native, id=26568, stack(0x0000000bb8100000,0x0000000bb8200000)]
  0x000001c2377e3720 JavaThread "C1 CompilerThread0" daemon [_thread_blocked, id=13176, stack(0x0000000bb8200000,0x0000000bb8300000)]
  0x000001c2377e4910 JavaThread "Sweeper thread" daemon [_thread_blocked, id=13156, stack(0x0000000bb8300000,0x0000000bb8400000)]
  0x000001c217ac8c70 JavaThread "Common-Cleaner" daemon [_thread_blocked, id=9592, stack(0x0000000bb8400000,0x0000000bb8500000)]
  0x000001c27a85ca80 JavaThread "Notification Thread" daemon [_thread_blocked, id=24156, stack(0x0000000bb8500000,0x0000000bb8600000)]
  0x000001c2001e6d80 JavaThread "Daemon health stats" [_thread_blocked, id=34232, stack(0x0000000bb8b00000,0x0000000bb8c00000)]
  0x000001c200b060e0 JavaThread "Incoming local TCP Connector on port 58507" [_thread_in_native, id=34808, stack(0x0000000bb8c00000,0x0000000bb8d00000)]
  0x000001c200b06b00 JavaThread "Daemon periodic checks" [_thread_blocked, id=34596, stack(0x0000000bb8d00000,0x0000000bb8e00000)]
  0x000001c200b05bd0 JavaThread "Daemon" [_thread_blocked, id=34876, stack(0x0000000bb8e00000,0x0000000bb8f00000)]
  0x000001c200b08960 JavaThread "Handler for socket connection from /127.0.0.1:58507 to /127.0.0.1:58513" [_thread_in_native, id=35088, stack(0x0000000bb8f00000,0x0000000bb9000000)]
  0x000001c200b051b0 JavaThread "Cancel handler" [_thread_blocked, id=35532, stack(0x0000000bb9000000,0x0000000bb9100000)]
  0x000001c200b07520 JavaThread "Daemon worker" [_thread_in_vm, id=35540, stack(0x0000000bb9100000,0x0000000bb9200000)]
  0x000001c200b056c0 JavaThread "Asynchronous log dispatcher for DefaultDaemonConnection: socket connection from /127.0.0.1:58507 to /127.0.0.1:58513" [_thread_blocked, id=35544, stack(0x0000000bb9200000,0x0000000bb9300000)]
  0x000001c200b07010 JavaThread "Stdin handler" [_thread_blocked, id=35564, stack(0x0000000bb9300000,0x0000000bb9400000)]
  0x000001c200b065f0 JavaThread "Daemon client event forwarder" [_thread_blocked, id=35568, stack(0x0000000bb9400000,0x0000000bb9500000)]
  0x000001c200b07a30 JavaThread "Cache worker for journal cache (C:\Users\HP PAVILION\.gradle\caches\journal-1)" [_thread_blocked, id=17724, stack(0x0000000bb9500000,0x0000000bb9600000)]
  0x000001c200b08450 JavaThread "File lock request listener" [_thread_in_native, id=17588, stack(0x0000000bb9600000,0x0000000bb9700000)]
  0x000001c200b07f40 JavaThread "Cache worker for file hash cache (C:\Users\HP PAVILION\.gradle\caches\8.14.2\fileHashes)" [_thread_blocked, id=17892, stack(0x0000000bb9700000,0x0000000bb9800000)]
  0x000001c203105a40 JavaThread "Cache worker for file hash cache (D:\Descargas (S)\Milla\.gradle\8.14.2\fileHashes)" [_thread_blocked, id=36528, stack(0x0000000bb9b00000,0x0000000bb9c00000)]
  0x000001c203105f50 JavaThread "Cache worker for checksums cache (D:\Descargas (S)\Milla\.gradle\8.14.2\checksums)" [_thread_blocked, id=36600, stack(0x0000000bb9c00000,0x0000000bb9d00000)]
  0x000001c203104b10 JavaThread "Cache worker for Build Output Cleanup Cache (D:\Descargas (S)\Milla\.gradle\buildOutputCleanup)" [_thread_blocked, id=36776, stack(0x0000000bb9d00000,0x0000000bb9e00000)]
  0x000001c203109700 JavaThread "Cache worker for file content cache (C:\Users\HP PAVILION\.gradle\caches\8.14.2\fileContent)" [_thread_blocked, id=37188, stack(0x0000000bb9f00000,0x0000000bba000000)]
  0x000001c2031078a0 JavaThread "File watcher server" daemon [_thread_in_native, id=37732, stack(0x0000000bba000000,0x0000000bba100000)]
  0x000001c203109c10 JavaThread "File watcher consumer" daemon [_thread_blocked, id=37748, stack(0x0000000bba100000,0x0000000bba200000)]

Other Threads:
  0x000001c2377c1a40 VMThread "VM Thread" [stack: 0x0000000bb7a00000,0x0000000bb7b00000] [id=27308]
  0x000001c27a818fc0 WatcherThread [stack: 0x0000000bb8600000,0x0000000bb8700000] [id=25944]
  0x000001c217a7d010 GCTaskThread "GC Thread#0" [stack: 0x0000000bb7900000,0x0000000bb7a00000] [id=9432]
  0x000001c2000d0f70 GCTaskThread "GC Thread#1" [stack: 0x0000000bb8700000,0x0000000bb8800000] [id=31956]
  0x000001c2000d1230 GCTaskThread "GC Thread#2" [stack: 0x0000000bb8800000,0x0000000bb8900000] [id=31960]
  0x000001c2000d14f0 GCTaskThread "GC Thread#3" [stack: 0x0000000bb8900000,0x0000000bb8a00000] [id=31964]
  0x000001c2000d17b0 GCTaskThread "GC Thread#4" [stack: 0x0000000bb8a00000,0x0000000bb8b00000] [id=31968]
  0x000001c201a5dc00 GCTaskThread "GC Thread#5" [stack: 0x0000000bb9800000,0x0000000bb9900000] [id=34040]
  0x000001c27a76d580 GCTaskThread "GC Thread#6" [stack: 0x0000000bb9900000,0x0000000bb9a00000] [id=35844]
  0x000001c2018fd510 GCTaskThread "GC Thread#7" [stack: 0x0000000bb9a00000,0x0000000bb9b00000] [id=35848]

Threads with active compile tasks:
C2 CompilerThread0  28486 3403   !   4       java.lang.reflect.Executable::declaredAnnotations (85 bytes)

VM state: not at safepoint (normal execution)

VM Mutex/Monitor currently owned by a thread: None

Heap address: 0x0000000700000000, size: 4096 MB, Compressed Oops mode: Zero based, Oop shift amount: 3

CDS archive(s) mapped at: [0x000001c238000000-0x000001c238bb0000-0x000001c238bb0000), size 12255232, SharedBaseAddress: 0x000001c238000000, ArchiveRelocationMode: 1.
Compressed class space mapped at: 0x000001c239000000-0x000001c279000000, reserved size: 1073741824
Narrow klass base: 0x000001c238000000, Narrow klass shift: 0, Narrow klass range: 0x100000000

GC Precious Log:
 CPUs: 8 total, 8 available
 Memory: 14249M
 Large Page Support: Disabled
 NUMA Support: Disabled
 Compressed Oops: Enabled (Zero based)
 Alignments: Space 512K, Generation 512K, Heap 2M
 Heap Min Capacity: 8M
 Heap Initial Capacity: 224M
 Heap Max Capacity: 4G
 Pre-touch: Disabled
 Parallel Workers: 8

Heap:
 PSYoungGen      total 66048K, used 33787K [0x00000007aab00000, 0x00000007b0580000, 0x0000000800000000)
  eden space 56832K, 55% used [0x00000007aab00000,0x00000007ac9f20c8,0x00000007ae280000)
  from space 9216K, 22% used [0x00000007ae380000,0x00000007ae58cd30,0x00000007aec80000)
  to   space 17920K, 0% used [0x00000007af400000,0x00000007af400000,0x00000007b0580000)
 ParOldGen       total 153088K, used 22184K [0x0000000700000000, 0x0000000709580000, 0x00000007aab00000)
  object space 153088K, 14% used [0x0000000700000000,0x00000007015aa0e0,0x0000000709580000)
 Metaspace       used 33094K, committed 33600K, reserved 1114112K
  class space    used 4614K, committed 4864K, reserved 1048576K

Card table byte_map: [0x000001c22e5f0000,0x000001c22ee00000] _byte_map_base: 0x000001c22adf0000

Marking Bits: (ParMarkBitMap*) 0x00007ff955e87980
 Begin Bits: [0x000001c22ee00000, 0x000001c232e00000)
 End Bits:   [0x000001c232e00000, 0x000001c236e00000)

Polling page: 0x000001c215990000

Metaspace:

Usage:
  Non-class:     27.81 MB used.
      Class:      4.51 MB used.
       Both:     32.32 MB used.

Virtual space:
  Non-class space:       64.00 MB reserved,      28.06 MB ( 44%) committed,  1 nodes.
      Class space:        1.00 GB reserved,       4.75 MB ( <1%) committed,  1 nodes.
             Both:        1.06 GB reserved,      32.81 MB (  3%) committed. 

Chunk freelists:
   Non-Class:  3.92 MB
       Class:  11.17 MB
        Both:  15.09 MB

MaxMetaspaceSize: unlimited
CompressedClassSpaceSize: 1.00 GB
Initial GC threshold: 21.00 MB
Current GC threshold: 35.00 MB
CDS: on
MetaspaceReclaimPolicy: balanced
 - commit_granule_bytes: 65536.
 - commit_granule_words: 8192.
 - virtual_space_node_default_size: 8388608.
 - enlarge_chunks_in_place: 1.
 - new_chunks_are_fully_committed: 0.
 - uncommit_free_chunks: 1.
 - use_allocation_guard: 0.
 - handle_deallocations: 1.


Internal statistics:

num_allocs_failed_limit: 3.
num_arena_births: 398.
num_arena_deaths: 0.
num_vsnodes_births: 2.
num_vsnodes_deaths: 0.
num_space_committed: 525.
num_space_uncommitted: 0.
num_chunks_returned_to_freelist: 3.
num_chunks_taken_from_freelist: 1683.
num_chunk_merges: 3.
num_chunk_splits: 1105.
num_chunks_enlarged: 760.
num_inconsistent_stats: 0.

CodeHeap 'non-profiled nmethods': size=120000Kb used=2035Kb max_used=2035Kb free=117964Kb
 bounds [0x000001c2270c0000, 0x000001c227330000, 0x000001c22e5f0000]
CodeHeap 'profiled nmethods': size=120000Kb used=7252Kb max_used=7252Kb free=112747Kb
 bounds [0x000001c21f5f0000, 0x000001c21fd10000, 0x000001c226b20000]
CodeHeap 'non-nmethods': size=5760Kb used=1266Kb max_used=1307Kb free=4493Kb
 bounds [0x000001c226b20000, 0x000001c226d90000, 0x000001c2270c0000]
 total_blobs=4149 nmethods=3567 adapters=495
 compilation: enabled
              stopped_count=0, restarted_count=0
 full_count=0

Compilation events (20 events):
Event: 28.303 Thread 0x000001c2377e3720 3492       3       java.util.ImmutableCollections$List12::size (16 bytes)
Event: 28.303 Thread 0x000001c2377e3720 nmethod 3492 0x000001c21fcde590 code [0x000001c21fcde740, 0x000001c21fcde8d8]
Event: 28.346 Thread 0x000001c2377e3720 3493       3       sun.nio.fs.WindowsPathParser::normalize (233 bytes)
Event: 28.350 Thread 0x000001c2377e3720 nmethod 3493 0x000001c21fcde990 code [0x000001c21fcdef60, 0x000001c21fce1ae8]
Event: 28.350 Thread 0x000001c2377e3720 3497       3       java.lang.module.ModuleDescriptor::modsHashCode (43 bytes)
Event: 28.350 Thread 0x000001c2377e3720 nmethod 3497 0x000001c21fce2c10 code [0x000001c21fce2e00, 0x000001c21fce3358]
Event: 28.350 Thread 0x000001c2377e3720 3498       3       java.util.ImmutableCollections$SetN::hashCode (46 bytes)
Event: 28.351 Thread 0x000001c2377e3720 nmethod 3498 0x000001c21fce3510 code [0x000001c21fce36c0, 0x000001c21fce39a8]
Event: 28.351 Thread 0x000001c2377e3720 3494       3       java.lang.module.ModuleDescriptor$Exports::<init> (20 bytes)
Event: 28.351 Thread 0x000001c2377e3720 nmethod 3494 0x000001c21fce3b10 code [0x000001c21fce3cc0, 0x000001c21fce3e78]
Event: 28.351 Thread 0x000001c2377e3720 3496       3       java.lang.module.ModuleDescriptor$Exports::hashCode (36 bytes)
Event: 28.351 Thread 0x000001c2377e3720 nmethod 3496 0x000001c21fce3f90 code [0x000001c21fce4160, 0x000001c21fce43e8]
Event: 28.351 Thread 0x000001c2377e3720 3499       3       java.net.URI::hash (33 bytes)
Event: 28.352 Thread 0x000001c2377e3720 nmethod 3499 0x000001c21fce4510 code [0x000001c21fce4720, 0x000001c21fce4bb8]
Event: 28.352 Thread 0x000001c2377e3720 3495       3       jdk.internal.module.Builder::newExports (11 bytes)
Event: 28.352 Thread 0x000001c2377e3720 nmethod 3495 0x000001c21fce4d90 code [0x000001c21fce4f40, 0x000001c21fce5088]
Event: 28.354 Thread 0x000001c2377e3720 3500       3       org.codehaus.groovy.vmplugin.v9.Java9$$Lambda$481/0x000001c2394c2a30::accept (16 bytes)
Event: 28.354 Thread 0x000001c2377e3720 nmethod 3500 0x000001c21fce5110 code [0x000001c21fce52c0, 0x000001c21fce5508]
Event: 28.354 Thread 0x000001c2377e3720 3501       3       org.codehaus.groovy.vmplugin.v9.Java9::lambda$static$6 (10 bytes)
Event: 28.354 Thread 0x000001c2377e3720 nmethod 3501 0x000001c21fce5610 code [0x000001c21fce57c0, 0x000001c21fce59a8]

GC Heap History (12 events):
Event: 5.023 GC heap before
{Heap before GC invocations=1 (full 0):
 PSYoungGen      total 67072K, used 57856K [0x00000007aab00000, 0x00000007af580000, 0x0000000800000000)
  eden space 57856K, 100% used [0x00000007aab00000,0x00000007ae380000,0x00000007ae380000)
  from space 9216K, 0% used [0x00000007aec80000,0x00000007aec80000,0x00000007af580000)
  to   space 9216K, 0% used [0x00000007ae380000,0x00000007ae380000,0x00000007aec80000)
 ParOldGen       total 153088K, used 0K [0x0000000700000000, 0x0000000709580000, 0x00000007aab00000)
  object space 153088K, 0% used [0x0000000700000000,0x0000000700000000,0x0000000709580000)
 Metaspace       used 4377K, committed 4544K, reserved 1114112K
  class space    used 547K, committed 640K, reserved 1048576K
}
Event: 5.049 GC heap after
{Heap after GC invocations=1 (full 0):
 PSYoungGen      total 67072K, used 9204K [0x00000007aab00000, 0x00000007af580000, 0x0000000800000000)
  eden space 57856K, 0% used [0x00000007aab00000,0x00000007aab00000,0x00000007ae380000)
  from space 9216K, 99% used [0x00000007ae380000,0x00000007aec7d100,0x00000007aec80000)
  to   space 9216K, 0% used [0x00000007aec80000,0x00000007aec80000,0x00000007af580000)
 ParOldGen       total 153088K, used 1429K [0x0000000700000000, 0x0000000709580000, 0x00000007aab00000)
  object space 153088K, 0% used [0x0000000700000000,0x0000000700165440,0x0000000709580000)
 Metaspace       used 4377K, committed 4544K, reserved 1114112K
  class space    used 547K, committed 640K, reserved 1048576K
}
Event: 10.023 GC heap before
{Heap before GC invocations=2 (full 0):
 PSYoungGen      total 67072K, used 67060K [0x00000007aab00000, 0x00000007af580000, 0x0000000800000000)
  eden space 57856K, 100% used [0x00000007aab00000,0x00000007ae380000,0x00000007ae380000)
  from space 9216K, 99% used [0x00000007ae380000,0x00000007aec7d100,0x00000007aec80000)
  to   space 9216K, 0% used [0x00000007aec80000,0x00000007aec80000,0x00000007af580000)
 ParOldGen       total 153088K, used 1429K [0x0000000700000000, 0x0000000709580000, 0x00000007aab00000)
  object space 153088K, 0% used [0x0000000700000000,0x0000000700165440,0x0000000709580000)
 Metaspace       used 4691K, committed 4864K, reserved 1114112K
  class space    used 590K, committed 704K, reserved 1048576K
}
Event: 10.030 GC heap after
{Heap after GC invocations=2 (full 0):
 PSYoungGen      total 67072K, used 9206K [0x00000007aab00000, 0x00000007af580000, 0x0000000800000000)
  eden space 57856K, 0% used [0x00000007aab00000,0x00000007aab00000,0x00000007ae380000)
  from space 9216K, 99% used [0x00000007aec80000,0x00000007af57dbc8,0x00000007af580000)
  to   space 9216K, 0% used [0x00000007ae380000,0x00000007ae380000,0x00000007aec80000)
 ParOldGen       total 153088K, used 6279K [0x0000000700000000, 0x0000000709580000, 0x00000007aab00000)
  object space 153088K, 4% used [0x0000000700000000,0x0000000700621d70,0x0000000709580000)
 Metaspace       used 4691K, committed 4864K, reserved 1114112K
  class space    used 590K, committed 704K, reserved 1048576K
}
Event: 22.562 GC heap before
{Heap before GC invocations=3 (full 0):
 PSYoungGen      total 67072K, used 67062K [0x00000007aab00000, 0x00000007af580000, 0x0000000800000000)
  eden space 57856K, 100% used [0x00000007aab00000,0x00000007ae380000,0x00000007ae380000)
  from space 9216K, 99% used [0x00000007aec80000,0x00000007af57dbc8,0x00000007af580000)
  to   space 9216K, 0% used [0x00000007ae380000,0x00000007ae380000,0x00000007aec80000)
 ParOldGen       total 153088K, used 6279K [0x0000000700000000, 0x0000000709580000, 0x00000007aab00000)
  object space 153088K, 4% used [0x0000000700000000,0x0000000700621d70,0x0000000709580000)
 Metaspace       used 14920K, committed 15168K, reserved 1114112K
  class space    used 2042K, committed 2176K, reserved 1048576K
}
Event: 22.635 GC heap after
{Heap after GC invocations=3 (full 0):
 PSYoungGen      total 67072K, used 9214K [0x00000007aab00000, 0x00000007af580000, 0x0000000800000000)
  eden space 57856K, 0% used [0x00000007aab00000,0x00000007aab00000,0x00000007ae380000)
  from space 9216K, 99% used [0x00000007ae380000,0x00000007aec7fbb0,0x00000007aec80000)
  to   space 9216K, 0% used [0x00000007aec80000,0x00000007aec80000,0x00000007af580000)
 ParOldGen       total 153088K, used 10958K [0x0000000700000000, 0x0000000709580000, 0x00000007aab00000)
  object space 153088K, 7% used [0x0000000700000000,0x0000000700ab3b90,0x0000000709580000)
 Metaspace       used 14920K, committed 15168K, reserved 1114112K
  class space    used 2042K, committed 2176K, reserved 1048576K
}
Event: 24.818 GC heap before
{Heap before GC invocations=4 (full 0):
 PSYoungGen      total 67072K, used 60623K [0x00000007aab00000, 0x00000007af580000, 0x0000000800000000)
  eden space 57856K, 88% used [0x00000007aab00000,0x00000007add34050,0x00000007ae380000)
  from space 9216K, 99% used [0x00000007ae380000,0x00000007aec7fbb0,0x00000007aec80000)
  to   space 9216K, 0% used [0x00000007aec80000,0x00000007aec80000,0x00000007af580000)
 ParOldGen       total 153088K, used 10958K [0x0000000700000000, 0x0000000709580000, 0x00000007aab00000)
  object space 153088K, 7% used [0x0000000700000000,0x0000000700ab3b90,0x0000000709580000)
 Metaspace       used 21185K, committed 21504K, reserved 1114112K
  class space    used 3097K, committed 3264K, reserved 1048576K
}
Event: 24.826 GC heap after
{Heap after GC invocations=4 (full 0):
 PSYoungGen      total 67072K, used 9215K [0x00000007aab00000, 0x00000007af580000, 0x0000000800000000)
  eden space 57856K, 0% used [0x00000007aab00000,0x00000007aab00000,0x00000007ae380000)
  from space 9216K, 99% used [0x00000007aec80000,0x00000007af57fce0,0x00000007af580000)
  to   space 9216K, 0% used [0x00000007ae380000,0x00000007ae380000,0x00000007aec80000)
 ParOldGen       total 153088K, used 13654K [0x0000000700000000, 0x0000000709580000, 0x00000007aab00000)
  object space 153088K, 8% used [0x0000000700000000,0x0000000700d55b40,0x0000000709580000)
 Metaspace       used 21185K, committed 21504K, reserved 1114112K
  class space    used 3097K, committed 3264K, reserved 1048576K
}
Event: 24.826 GC heap before
{Heap before GC invocations=5 (full 1):
 PSYoungGen      total 67072K, used 9215K [0x00000007aab00000, 0x00000007af580000, 0x0000000800000000)
  eden space 57856K, 0% used [0x00000007aab00000,0x00000007aab00000,0x00000007ae380000)
  from space 9216K, 99% used [0x00000007aec80000,0x00000007af57fce0,0x00000007af580000)
  to   space 9216K, 0% used [0x00000007ae380000,0x00000007ae380000,0x00000007aec80000)
 ParOldGen       total 153088K, used 13654K [0x0000000700000000, 0x0000000709580000, 0x00000007aab00000)
  object space 153088K, 8% used [0x0000000700000000,0x0000000700d55b40,0x0000000709580000)
 Metaspace       used 21185K, committed 21504K, reserved 1114112K
  class space    used 3097K, committed 3264K, reserved 1048576K
}
Event: 24.874 GC heap after
{Heap after GC invocations=5 (full 1):
 PSYoungGen      total 67072K, used 0K [0x00000007aab00000, 0x00000007af580000, 0x0000000800000000)
  eden space 57856K, 0% used [0x00000007aab00000,0x00000007aab00000,0x00000007ae380000)
  from space 9216K, 0% used [0x00000007aec80000,0x00000007aec80000,0x00000007af580000)
  to   space 9216K, 0% used [0x00000007ae380000,0x00000007ae380000,0x00000007aec80000)
 ParOldGen       total 153088K, used 22176K [0x0000000700000000, 0x0000000709580000, 0x00000007aab00000)
  object space 153088K, 14% used [0x0000000700000000,0x00000007015a80e0,0x0000000709580000)
 Metaspace       used 21185K, committed 21504K, reserved 1114112K
  class space    used 3097K, committed 3264K, reserved 1048576K
}
Event: 27.265 GC heap before
{Heap before GC invocations=6 (full 1):
 PSYoungGen      total 67072K, used 57849K [0x00000007aab00000, 0x00000007af580000, 0x0000000800000000)
  eden space 57856K, 99% used [0x00000007aab00000,0x00000007ae37e6d8,0x00000007ae380000)
  from space 9216K, 0% used [0x00000007aec80000,0x00000007aec80000,0x00000007af580000)
  to   space 9216K, 0% used [0x00000007ae380000,0x00000007ae380000,0x00000007aec80000)
 ParOldGen       total 153088K, used 22176K [0x0000000700000000, 0x0000000709580000, 0x00000007aab00000)
  object space 153088K, 14% used [0x0000000700000000,0x00000007015a80e0,0x0000000709580000)
 Metaspace       used 29095K, committed 29440K, reserved 1114112K
  class space    used 4070K, committed 4224K, reserved 1048576K
}
Event: 27.268 GC heap after
{Heap after GC invocations=6 (full 1):
 PSYoungGen      total 66048K, used 2099K [0x00000007aab00000, 0x00000007b0580000, 0x0000000800000000)
  eden space 56832K, 0% used [0x00000007aab00000,0x00000007aab00000,0x00000007ae280000)
  from space 9216K, 22% used [0x00000007ae380000,0x00000007ae58cd30,0x00000007aec80000)
  to   space 17920K, 0% used [0x00000007af400000,0x00000007af400000,0x00000007b0580000)
 ParOldGen       total 153088K, used 22184K [0x0000000700000000, 0x0000000709580000, 0x00000007aab00000)
  object space 153088K, 14% used [0x0000000700000000,0x00000007015aa0e0,0x0000000709580000)
 Metaspace       used 29095K, committed 29440K, reserved 1114112K
  class space    used 4070K, committed 4224K, reserved 1048576K
}

Dll operation events (15 events):
Event: 0.241 Loaded shared library D:\Program Files\Eclipse Adoptium\jdk-17.0.19.10-hotspot\bin\java.dll
Event: 0.270 Loaded shared library D:\Program Files\Eclipse Adoptium\jdk-17.0.19.10-hotspot\bin\jsvml.dll
Event: 0.458 Loaded shared library D:\Program Files\Eclipse Adoptium\jdk-17.0.19.10-hotspot\bin\zip.dll
Event: 0.467 Loaded shared library D:\Program Files\Eclipse Adoptium\jdk-17.0.19.10-hotspot\bin\instrument.dll
Event: 0.502 Loaded shared library D:\Program Files\Eclipse Adoptium\jdk-17.0.19.10-hotspot\bin\net.dll
Event: 0.520 Loaded shared library D:\Program Files\Eclipse Adoptium\jdk-17.0.19.10-hotspot\bin\nio.dll
Event: 0.529 Loaded shared library D:\Program Files\Eclipse Adoptium\jdk-17.0.19.10-hotspot\bin\zip.dll
Event: 1.557 Loaded shared library D:\Program Files\Eclipse Adoptium\jdk-17.0.19.10-hotspot\bin\jimage.dll
Event: 3.335 Loaded shared library D:\Program Files\Eclipse Adoptium\jdk-17.0.19.10-hotspot\bin\verify.dll
Event: 3.581 Loaded shared library C:\Users\HP PAVILION\.gradle\native\1def1411415f61bf3af743bc5b6707747c0891f09f0c88961ee8f79bc544acac\windows-amd64\native-platform.dll
Event: 3.661 Loaded shared library C:\Users\HP PAVILION\.gradle\native\0.2.7\x86_64-windows-gnu\gradle-fileevents.dll
Event: 11.241 Loaded shared library D:\Program Files\Eclipse Adoptium\jdk-17.0.19.10-hotspot\bin\management.dll
Event: 11.253 Loaded shared library D:\Program Files\Eclipse Adoptium\jdk-17.0.19.10-hotspot\bin\management_ext.dll
Event: 12.002 Loaded shared library D:\Program Files\Eclipse Adoptium\jdk-17.0.19.10-hotspot\bin\extnet.dll
Event: 19.534 Loaded shared library D:\Program Files\Eclipse Adoptium\jdk-17.0.19.10-hotspot\bin\sunmscapi.dll

Deoptimization events (20 events):
Event: 27.693 Thread 0x000001c200b07520 Uncommon trap: trap_request=0xffffffde fr.pc=0x000001c2271dc36c relative=0x0000000000000d4c
Event: 27.693 Thread 0x000001c200b07520 Uncommon trap: reason=class_check action=maybe_recompile pc=0x000001c2271dc36c method=java.util.concurrent.ConcurrentHashMap.putVal(Ljava/lang/Object;Ljava/lang/Object;Z)Ljava/lang/Object; @ 159 c2
Event: 27.693 Thread 0x000001c200b07520 DEOPT PACKING pc=0x000001c2271dc36c sp=0x0000000bb91f9d00
Event: 27.693 Thread 0x000001c200b07520 DEOPT UNPACKING pc=0x000001c226b766a3 sp=0x0000000bb91f9ca0 mode 2
Event: 27.952 Thread 0x000001c200b07520 Uncommon trap: trap_request=0xffffffde fr.pc=0x000001c2270cb1cc relative=0x00000000000001ac
Event: 27.952 Thread 0x000001c200b07520 Uncommon trap: reason=class_check action=maybe_recompile pc=0x000001c2270cb1cc method=java.lang.String.equals(Ljava/lang/Object;)Z @ 8 c2
Event: 27.952 Thread 0x000001c200b07520 DEOPT PACKING pc=0x000001c2270cb1cc sp=0x0000000bb91f8d50
Event: 27.952 Thread 0x000001c200b07520 DEOPT UNPACKING pc=0x000001c226b766a3 sp=0x0000000bb91f8cf8 mode 2
Event: 28.004 Thread 0x000001c200b07520 Uncommon trap: trap_request=0xffffff45 fr.pc=0x000001c227114020 relative=0x00000000000005e0
Event: 28.004 Thread 0x000001c200b07520 Uncommon trap: reason=unstable_if action=reinterpret pc=0x000001c227114020 method=java.util.HashMap.hash(Ljava/lang/Object;)I @ 1 c2
Event: 28.004 Thread 0x000001c200b07520 DEOPT PACKING pc=0x000001c227114020 sp=0x0000000bb91f6e50
Event: 28.004 Thread 0x000001c200b07520 DEOPT UNPACKING pc=0x000001c226b766a3 sp=0x0000000bb91f6cf8 mode 2
Event: 28.091 Thread 0x000001c200b07520 Uncommon trap: trap_request=0xffffff54 fr.pc=0x000001c2271874a4 relative=0x0000000000001064
Event: 28.091 Thread 0x000001c200b07520 Uncommon trap: reason=speculate_null_assert action=make_not_entrant pc=0x000001c2271874a4 method=jdk.internal.loader.URLClassPath$JarLoader.getResource(Ljava/lang/String;ZLjava/util/Set;)Ljdk/internal/loader/Resource; @ 17 c2
Event: 28.091 Thread 0x000001c200b07520 DEOPT PACKING pc=0x000001c2271874a4 sp=0x0000000bb91f5e10
Event: 28.091 Thread 0x000001c200b07520 DEOPT UNPACKING pc=0x000001c226b766a3 sp=0x0000000bb91f5db8 mode 2
Event: 28.298 Thread 0x000001c200b07520 Uncommon trap: trap_request=0xffffff45 fr.pc=0x000001c22725bda4 relative=0x00000000000005c4
Event: 28.298 Thread 0x000001c200b07520 Uncommon trap: reason=unstable_if action=reinterpret pc=0x000001c22725bda4 method=jdk.internal.org.objectweb.asm.MethodWriter.visitVarInsn(II)V @ 108 c2
Event: 28.298 Thread 0x000001c200b07520 DEOPT PACKING pc=0x000001c22725bda4 sp=0x0000000bb91f1f30
Event: 28.298 Thread 0x000001c200b07520 DEOPT UNPACKING pc=0x000001c226b766a3 sp=0x0000000bb91f1ef8 mode 2

Classes loaded (20 events):
Event: 28.190 Loading class java/util/EventListener
Event: 28.191 Loading class java/util/EventListener done
Event: 28.220 Loading class java/io/PrintWriter
Event: 28.221 Loading class java/io/PrintWriter done
Event: 28.221 Loading class java/util/TimerTask
Event: 28.222 Loading class java/util/TimerTask done
Event: 28.222 Loading class java/util/Timer
Event: 28.223 Loading class java/util/Timer done
Event: 28.224 Loading class java/lang/Process
Event: 28.224 Loading class java/lang/Process done
Event: 28.284 Loading class java/security/AccessControlException
Event: 28.284 Loading class java/security/AccessControlException done
Event: 28.333 Loading class java/lang/reflect/GenericSignatureFormatError
Event: 28.333 Loading class java/lang/ClassFormatError
Event: 28.333 Loading class java/lang/ClassFormatError done
Event: 28.333 Loading class java/lang/reflect/GenericSignatureFormatError done
Event: 28.333 Loading class java/lang/reflect/MalformedParameterizedTypeException
Event: 28.333 Loading class java/lang/reflect/MalformedParameterizedTypeException done
Event: 28.344 Loading class java/lang/IllegalCallerException
Event: 28.345 Loading class java/lang/IllegalCallerException done

Classes unloaded (0 events):
No events

Classes redefined (0 events):
No events

Internal exceptions (20 events):
Event: 25.564 Thread 0x000001c200b07520 Exception <a 'sun/nio/fs/WindowsException'{0x00000007ac0ac590}> (0x00000007ac0ac590) 
thrown [s\src\hotspot\share\prims\jni.cpp, line 516]
Event: 25.968 Thread 0x000001c200b07520 Exception <a 'java/lang/NoSuchMethodError'{0x00000007ac282410}: 'java.lang.Object java.lang.invoke.Invokers$Holder.linkToTargetMethod(java.lang.Object, java.lang.Object, java.lang.Object, java.lang.Object, int, java.lang.Object, java.lang.Object)'> (0x00000007ac282410) 
thrown [s\src\hotspot\share\interpreter\linkResolver.cpp, line 759]
Event: 25.981 Thread 0x000001c200b07520 Exception <a 'java/lang/NoSuchMethodError'{0x00000007ac308a50}: 'java.lang.Object java.lang.invoke.DirectMethodHandle$Holder.newInvokeSpecial(java.lang.Object, java.lang.Object, java.lang.Object, java.lang.Object, java.lang.Object, java.lang.Object, java.lang.Object, int)'> (0x00000007ac308a50) 
thrown [s\src\hotspot\share\interpreter\linkResolver.cpp, line 759]
Event: 25.982 Thread 0x000001c200b07520 Exception <a 'java/lang/NoSuchMethodError'{0x00000007ac30e598}: 'java.lang.Object java.lang.invoke.DirectMethodHandle$Holder.invokeSpecial(java.lang.Object, java.lang.Object, java.lang.Object, java.lang.Object, java.lang.Object, java.lang.Object, java.lang.Object, java.lang.Object, int)'> (0x00000007ac30e598) 
thrown [s\src\hotspot\share\interpreter\linkResolver.cpp, line 759]
Event: 25.982 Thread 0x000001c200b07520 Exception <a 'java/lang/NoSuchMethodError'{0x00000007ac313858}: 'java.lang.Object java.lang.invoke.Invokers$Holder.linkToTargetMethod(java.lang.Object, java.lang.Object, java.lang.Object, java.lang.Object, java.lang.Object, java.lang.Object, int, java.lang.Object)'> (0x00000007ac313858) 
thrown [s\src\hotspot\share\interpreter\linkResolver.cpp, line 759]
Event: 26.157 Thread 0x000001c200b07520 Exception <a 'java/lang/NoSuchMethodError'{0x00000007ac4d1298}: 'java.lang.Object java.lang.invoke.DirectMethodHandle$Holder.newInvokeSpecial(java.lang.Object, java.lang.Object, java.lang.Object, java.lang.Object, java.lang.Object, java.lang.Object, java.lang.Object, java.lang.Object, java.lang.Object, java.lang.Object)'> (0x00000007ac4d1298) 
thrown [s\src\hotspot\share\interpreter\linkResolver.cpp, line 759]
Event: 26.158 Thread 0x000001c200b07520 Exception <a 'java/lang/NoSuchMethodError'{0x00000007ac4d5ed8}: 'java.lang.Object java.lang.invoke.Invokers$Holder.linkToTargetMethod(java.lang.Object, java.lang.Object, java.lang.Object, java.lang.Object, java.lang.Object, java.lang.Object, java.lang.Object, java.lang.Object, java.lang.Object, java.lang.Object)'> (0x00000007ac4d5ed8) 
thrown [s\src\hotspot\share\interpreter\linkResolver.cpp, line 759]
Event: 27.048 Thread 0x000001c200b07520 Exception <a 'java/lang/NoSuchMethodError'{0x00000007adf104f0}: 'int java.lang.invoke.DirectMethodHandle$Holder.invokeVirtual(java.lang.Object, java.lang.Object)'> (0x00000007adf104f0) 
thrown [s\src\hotspot\share\interpreter\linkResolver.cpp, line 759]
Event: 27.091 Thread 0x000001c200b07520 Implicit null exception at 0x000001c227278837 to 0x000001c227278fa0
Event: 27.091 Thread 0x000001c200b07520 Implicit null exception at 0x000001c22728c417 to 0x000001c22728c558
Event: 27.091 Thread 0x000001c200b07520 Implicit null exception at 0x000001c22727c036 to 0x000001c22727ca80
Event: 27.112 Thread 0x000001c200b07520 Exception <a 'sun/nio/fs/WindowsException'{0x00000007ae05eda8}> (0x00000007ae05eda8) 
thrown [s\src\hotspot\share\prims\jni.cpp, line 516]
Event: 27.392 Thread 0x000001c200b07520 Exception <a 'java/lang/NoSuchMethodError'{0x00000007aae9fd40}: 'java.lang.Object java.lang.invoke.DirectMethodHandle$Holder.newInvokeSpecial(java.lang.Object, java.lang.Object, long)'> (0x00000007aae9fd40) 
thrown [s\src\hotspot\share\interpreter\linkResolver.cpp, line 759]
Event: 27.393 Thread 0x000001c200b07520 Exception <a 'java/lang/NoSuchMethodError'{0x00000007aaea4350}: 'java.lang.Object java.lang.invoke.Invokers$Holder.linkToTargetMethod(java.lang.Object, long, java.lang.Object)'> (0x00000007aaea4350) 
thrown [s\src\hotspot\share\interpreter\linkResolver.cpp, line 759]
Event: 27.423 Thread 0x000001c200b07520 Exception <a 'java/lang/NoSuchMethodError'{0x00000007aaf8f740}: 'int java.lang.invoke.DirectMethodHandle$Holder.invokeInterface(java.lang.Object, java.lang.Object)'> (0x00000007aaf8f740) 
thrown [s\src\hotspot\share\interpreter\linkResolver.cpp, line 759]
Event: 28.004 Thread 0x000001c200b07520 Implicit null exception at 0x000001c227113a90 to 0x000001c227114000
Event: 28.067 Thread 0x000001c200b07520 Exception <a 'java/lang/NoSuchMethodError'{0x00000007abd0dfd0}: 'java.lang.Object java.lang.invoke.DirectMethodHandle$Holder.newInvokeSpecial(java.lang.Object, java.lang.Object, int, int)'> (0x00000007abd0dfd0) 
thrown [s\src\hotspot\share\interpreter\linkResolver.cpp, line 759]
Event: 28.298 Thread 0x000001c200b07520 Implicit null exception at 0x000001c22725b8fb to 0x000001c22725bd98
Event: 28.316 Thread 0x000001c200b07520 Exception <a 'java/lang/NoSuchMethodError'{0x00000007ac3ec350}: 'java.lang.Object java.lang.invoke.DirectMethodHandle$Holder.invokeStaticInit(java.lang.Object, java.lang.Object, java.lang.Object)'> (0x00000007ac3ec350) 
thrown [s\src\hotspot\share\interpreter\linkResolver.cpp, line 759]
Event: 28.352 Thread 0x000001c200b07520 Exception <a 'java/lang/NoSuchMethodError'{0x00000007ac4df0a0}: 'void java.lang.invoke.DirectMethodHandle$Holder.invokeStaticInit(java.lang.Object, java.lang.Object, java.lang.Object)'> (0x00000007ac4df0a0) 
thrown [s\src\hotspot\share\interpreter\linkResolver.cpp, line 759]

VM Operations (20 events):
Event: 25.942 Executing VM operation: HandshakeAllThreads
Event: 25.942 Executing VM operation: HandshakeAllThreads done
Event: 26.166 Executing VM operation: HandshakeAllThreads
Event: 26.167 Executing VM operation: HandshakeAllThreads done
Event: 26.308 Executing VM operation: HandshakeAllThreads
Event: 26.308 Executing VM operation: HandshakeAllThreads done
Event: 26.385 Executing VM operation: HandshakeAllThreads
Event: 26.385 Executing VM operation: HandshakeAllThreads done
Event: 26.643 Executing VM operation: HandshakeAllThreads
Event: 26.643 Executing VM operation: HandshakeAllThreads done
Event: 27.265 Executing VM operation: ParallelGCFailedAllocation
Event: 27.268 Executing VM operation: ParallelGCFailedAllocation done
Event: 27.656 Executing VM operation: HandshakeAllThreads
Event: 27.657 Executing VM operation: HandshakeAllThreads done
Event: 28.013 Executing VM operation: HandshakeAllThreads
Event: 28.013 Executing VM operation: HandshakeAllThreads done
Event: 28.285 Executing VM operation: HandshakeAllThreads
Event: 28.285 Executing VM operation: HandshakeAllThreads done
Event: 28.285 Executing VM operation: Cleanup
Event: 28.285 Executing VM operation: Cleanup done

Memory protections (0 events):
No events

Nmethod flushes (0 events):
No events

Events (20 events):
Event: 19.792 Thread 0x000001c200b060e0 Thread added: 0x000001c200b05bd0
Event: 20.172 Thread 0x000001c200b05bd0 Thread added: 0x000001c200b08960
Event: 20.666 Thread 0x000001c200b05bd0 Thread added: 0x000001c200b051b0
Event: 20.681 Thread 0x000001c200b05bd0 Thread added: 0x000001c200b07520
Event: 20.703 Thread 0x000001c200b07520 Thread added: 0x000001c200b056c0
Event: 20.710 Thread 0x000001c200b07520 Thread added: 0x000001c200b07010
Event: 20.715 Thread 0x000001c200b07520 Thread added: 0x000001c200b065f0
Event: 21.986 Thread 0x000001c200b07520 Thread added: 0x000001c200b07a30
Event: 22.064 Thread 0x000001c200b07520 Thread added: 0x000001c200b08450
Event: 22.440 Thread 0x000001c200b07520 Thread added: 0x000001c200b07f40
Event: 23.127 Thread 0x000001c2377e3720 Thread added: 0x000001c201313e80
Event: 24.351 Thread 0x000001c201313e80 Thread exited: 0x000001c201313e80
Event: 24.550 Thread 0x000001c200b07520 Thread added: 0x000001c203105a40
Event: 24.646 Thread 0x000001c200b07520 Thread added: 0x000001c203105f50
Event: 25.042 Thread 0x000001c200b07520 Thread added: 0x000001c203104b10
Event: 25.851 Thread 0x000001c2377dc930 Thread added: 0x000001c200f1a3f0
Event: 26.181 Thread 0x000001c200b07520 Thread added: 0x000001c203109700
Event: 27.032 Thread 0x000001c200b07520 Thread added: 0x000001c2031078a0
Event: 27.045 Thread 0x000001c200b07520 Thread added: 0x000001c203109c10
Event: 27.155 Thread 0x000001c200f1a3f0 Thread exited: 0x000001c200f1a3f0


Dynamic libraries:
0x00007ff72e580000 - 0x00007ff72e58e000 	D:\Program Files\Eclipse Adoptium\jdk-17.0.19.10-hotspot\bin\java.exe
0x00007ff9a82f0000 - 0x00007ff9a84e8000 	C:\WINDOWS\SYSTEM32\ntdll.dll
0x00007ff9a7240000 - 0x00007ff9a7302000 	C:\WINDOWS\System32\KERNEL32.DLL
0x00007ff9a5d60000 - 0x00007ff9a6056000 	C:\WINDOWS\System32\KERNELBASE.dll
0x00007ff9a6060000 - 0x00007ff9a6160000 	C:\WINDOWS\System32\ucrtbase.dll
0x00007ff994a60000 - 0x00007ff994a78000 	D:\Program Files\Eclipse Adoptium\jdk-17.0.19.10-hotspot\bin\jli.dll
0x00007ff994870000 - 0x00007ff99488e000 	D:\Program Files\Eclipse Adoptium\jdk-17.0.19.10-hotspot\bin\VCRUNTIME140.dll
0x00007ff9a7fd0000 - 0x00007ff9a8171000 	C:\WINDOWS\System32\USER32.dll
0x00007ff9a62b0000 - 0x00007ff9a62d2000 	C:\WINDOWS\System32\win32u.dll
0x00007ff9a6830000 - 0x00007ff9a685b000 	C:\WINDOWS\System32\GDI32.dll
0x00007ff9a59d0000 - 0x00007ff9a5ae9000 	C:\WINDOWS\System32\gdi32full.dll
0x00007ff991660000 - 0x00007ff9918fb000 	C:\WINDOWS\WinSxS\amd64_microsoft.windows.common-controls_6595b64144ccf1df_6.0.19041.6456_none_60b8a6cb71f64256\COMCTL32.dll
0x00007ff9a6210000 - 0x00007ff9a62ad000 	C:\WINDOWS\System32\msvcp_win.dll
0x00007ff9a6fc0000 - 0x00007ff9a705e000 	C:\WINDOWS\System32\msvcrt.dll
0x00007ff9a7210000 - 0x00007ff9a723f000 	C:\WINDOWS\System32\IMM32.DLL
0x00007ff9a2d00000 - 0x00007ff9a2d0c000 	D:\Program Files\Eclipse Adoptium\jdk-17.0.19.10-hotspot\bin\vcruntime140_1.dll
0x00007ff97a080000 - 0x00007ff97a10d000 	D:\Program Files\Eclipse Adoptium\jdk-17.0.19.10-hotspot\bin\msvcp140.dll
0x00007ff9552e0000 - 0x00007ff955f4c000 	D:\Program Files\Eclipse Adoptium\jdk-17.0.19.10-hotspot\bin\server\jvm.dll
0x00007ff9a6df0000 - 0x00007ff9a6ea1000 	C:\WINDOWS\System32\ADVAPI32.dll
0x00007ff9a6d50000 - 0x00007ff9a6def000 	C:\WINDOWS\System32\sechost.dll
0x00007ff9a70f0000 - 0x00007ff9a7210000 	C:\WINDOWS\System32\RPCRT4.dll
0x00007ff9a62e0000 - 0x00007ff9a6307000 	C:\WINDOWS\System32\bcrypt.dll
0x00007ff9a6860000 - 0x00007ff9a68cb000 	C:\WINDOWS\System32\WS2_32.dll
0x00007ff992700000 - 0x00007ff992727000 	C:\WINDOWS\SYSTEM32\WINMM.dll
0x00007ff99d000000 - 0x00007ff99d00a000 	C:\WINDOWS\SYSTEM32\VERSION.dll
0x00007ff9a57e0000 - 0x00007ff9a582b000 	C:\WINDOWS\SYSTEM32\POWRPROF.dll
0x00007ff9a57c0000 - 0x00007ff9a57d2000 	C:\WINDOWS\SYSTEM32\UMPDC.dll
0x00007ff9a37b0000 - 0x00007ff9a37c2000 	C:\WINDOWS\SYSTEM32\kernel.appcore.dll
0x00007ff9a0d90000 - 0x00007ff9a0d9a000 	D:\Program Files\Eclipse Adoptium\jdk-17.0.19.10-hotspot\bin\jimage.dll
0x00007ff99f190000 - 0x00007ff99f391000 	C:\WINDOWS\SYSTEM32\DBGHELP.DLL
0x00007ff98b6c0000 - 0x00007ff98b6f4000 	C:\WINDOWS\SYSTEM32\dbgcore.DLL
0x00007ff9a5b70000 - 0x00007ff9a5bf2000 	C:\WINDOWS\System32\bcryptPrimitives.dll
0x00007ff994ce0000 - 0x00007ff994cee000 	D:\Program Files\Eclipse Adoptium\jdk-17.0.19.10-hotspot\bin\instrument.dll
0x00007ff984480000 - 0x00007ff9844a5000 	D:\Program Files\Eclipse Adoptium\jdk-17.0.19.10-hotspot\bin\java.dll
0x00007ff967870000 - 0x00007ff967947000 	D:\Program Files\Eclipse Adoptium\jdk-17.0.19.10-hotspot\bin\jsvml.dll
0x00007ff9a7800000 - 0x00007ff9a7f70000 	C:\WINDOWS\System32\SHELL32.dll
0x00007ff9a39b0000 - 0x00007ff9a4155000 	C:\WINDOWS\SYSTEM32\windows.storage.dll
0x00007ff9a74a0000 - 0x00007ff9a77f4000 	C:\WINDOWS\System32\combase.dll
0x00007ff9a51f0000 - 0x00007ff9a521b000 	C:\WINDOWS\SYSTEM32\Wldp.dll
0x00007ff9a65a0000 - 0x00007ff9a666d000 	C:\WINDOWS\System32\OLEAUT32.dll
0x00007ff9a8180000 - 0x00007ff9a822d000 	C:\WINDOWS\System32\SHCORE.dll
0x00007ff9a7440000 - 0x00007ff9a749b000 	C:\WINDOWS\System32\shlwapi.dll
0x00007ff9a58b0000 - 0x00007ff9a58d4000 	C:\WINDOWS\SYSTEM32\profapi.dll
0x00007ff992450000 - 0x00007ff992468000 	D:\Program Files\Eclipse Adoptium\jdk-17.0.19.10-hotspot\bin\zip.dll
0x00007ff991fe0000 - 0x00007ff991ffa000 	D:\Program Files\Eclipse Adoptium\jdk-17.0.19.10-hotspot\bin\net.dll
0x00007ff99cef0000 - 0x00007ff99cffa000 	C:\WINDOWS\SYSTEM32\WINHTTP.dll
0x00007ff9a4fd0000 - 0x00007ff9a503a000 	C:\WINDOWS\system32\mswsock.dll
0x00007ff988cd0000 - 0x00007ff988ce6000 	D:\Program Files\Eclipse Adoptium\jdk-17.0.19.10-hotspot\bin\nio.dll
0x00007ff9924f0000 - 0x00007ff992500000 	D:\Program Files\Eclipse Adoptium\jdk-17.0.19.10-hotspot\bin\verify.dll
0x00007ff984600000 - 0x00007ff984627000 	C:\Users\HP PAVILION\.gradle\native\1def1411415f61bf3af743bc5b6707747c0891f09f0c88961ee8f79bc544acac\windows-amd64\native-platform.dll
0x00007ff97a950000 - 0x00007ff97a9c8000 	C:\Users\HP PAVILION\.gradle\native\0.2.7\x86_64-windows-gnu\gradle-fileevents.dll
0x00007ff9a0a70000 - 0x00007ff9a0a7a000 	D:\Program Files\Eclipse Adoptium\jdk-17.0.19.10-hotspot\bin\management.dll
0x00007ff99dc20000 - 0x00007ff99dc2c000 	D:\Program Files\Eclipse Adoptium\jdk-17.0.19.10-hotspot\bin\management_ext.dll
0x00007ff9a6d40000 - 0x00007ff9a6d48000 	C:\WINDOWS\System32\PSAPI.DLL
0x00007ff9a4cd0000 - 0x00007ff9a4d0b000 	C:\WINDOWS\SYSTEM32\IPHLPAPI.DLL
0x00007ff9a66f0000 - 0x00007ff9a66f8000 	C:\WINDOWS\System32\NSI.dll
0x00007ff99e3d0000 - 0x00007ff99e3e7000 	C:\WINDOWS\SYSTEM32\dhcpcsvc6.DLL
0x00007ff99e0e0000 - 0x00007ff99e0fd000 	C:\WINDOWS\SYSTEM32\dhcpcsvc.DLL
0x00007ff9a4d10000 - 0x00007ff9a4dda000 	C:\WINDOWS\SYSTEM32\DNSAPI.dll
0x00007ff994cf0000 - 0x00007ff994cf9000 	D:\Program Files\Eclipse Adoptium\jdk-17.0.19.10-hotspot\bin\extnet.dll
0x00007ff9a5230000 - 0x00007ff9a5248000 	C:\WINDOWS\SYSTEM32\CRYPTSP.dll
0x00007ff9a4910000 - 0x00007ff9a4948000 	C:\WINDOWS\system32\rsaenh.dll
0x00007ff9a5870000 - 0x00007ff9a589e000 	C:\WINDOWS\SYSTEM32\USERENV.dll
0x00007ff9a5160000 - 0x00007ff9a516c000 	C:\WINDOWS\SYSTEM32\CRYPTBASE.dll
0x00007ff994930000 - 0x00007ff99493e000 	D:\Program Files\Eclipse Adoptium\jdk-17.0.19.10-hotspot\bin\sunmscapi.dll
0x00007ff9a5c00000 - 0x00007ff9a5d5d000 	C:\WINDOWS\System32\CRYPT32.dll
0x00007ff9a5340000 - 0x00007ff9a5367000 	C:\WINDOWS\SYSTEM32\ncrypt.dll
0x00007ff9a5300000 - 0x00007ff9a533b000 	C:\WINDOWS\SYSTEM32\NTASN1.dll
0x00007ff97bdf0000 - 0x00007ff97bdf7000 	C:\WINDOWS\system32\wshunix.dll

dbghelp: loaded successfully - version: 4.0.5 - missing functions: none
symbol engine: initialized successfully - sym options: 0x614 - pdb path: .;D:\Program Files\Eclipse Adoptium\jdk-17.0.19.10-hotspot\bin;C:\WINDOWS\SYSTEM32;C:\WINDOWS\WinSxS\amd64_microsoft.windows.common-controls_6595b64144ccf1df_6.0.19041.6456_none_60b8a6cb71f64256;D:\Program Files\Eclipse Adoptium\jdk-17.0.19.10-hotspot\bin\server;C:\Users\HP PAVILION\.gradle\native\1def1411415f61bf3af743bc5b6707747c0891f09f0c88961ee8f79bc544acac\windows-amd64;C:\Users\HP PAVILION\.gradle\native\0.2.7\x86_64-windows-gnu

VM Arguments:
jvm_args: --add-opens=java.base/java.lang=ALL-UNNAMED --add-opens=java.base/java.lang.invoke=ALL-UNNAMED --add-opens=java.base/java.util=ALL-UNNAMED --add-opens=java.prefs/java.util.prefs=ALL-UNNAMED --add-exports=jdk.compiler/com.sun.tools.javac.api=ALL-UNNAMED --add-exports=jdk.compiler/com.sun.tools.javac.util=ALL-UNNAMED --add-opens=java.base/java.util=ALL-UNNAMED --add-opens=java.prefs/java.util.prefs=ALL-UNNAMED --add-opens=java.base/java.nio.charset=ALL-UNNAMED --add-opens=java.base/java.net=ALL-UNNAMED --add-opens=java.base/java.util.concurrent.atomic=ALL-UNNAMED --add-opens=java.xml/javax.xml.namespace=ALL-UNNAMED -XX:+UseParallelGC -Xmx4g -Dfile.encoding=UTF-8 -Duser.country=EC -Duser.language=es -Duser.variant -javaagent:C:\Users\HP PAVILION\.gradle\wrapper\dists\gradle-8.14.2-bin\2pb3mgt1p815evrl3weanttgr\gradle-8.14.2\lib\agents\gradle-instrumentation-agent-8.14.2.jar 
java_command: org.gradle.launcher.daemon.bootstrap.GradleDaemon 8.14.2
java_class_path (initial): C:\Users\HP PAVILION\.gradle\wrapper\dists\gradle-8.14.2-bin\2pb3mgt1p815evrl3weanttgr\gradle-8.14.2\lib\gradle-daemon-main-8.14.2.jar
Launcher Type: SUN_STANDARD

[Global flags]
     intx CICompilerCount                          = 4                                         {product} {ergonomic}
   size_t InitialHeapSize                          = 234881024                                 {product} {ergonomic}
   size_t MaxHeapSize                              = 4294967296                                {product} {command line}
   size_t MaxNewSize                               = 1431306240                                {product} {ergonomic}
   size_t MinHeapDeltaBytes                        = 524288                                    {product} {ergonomic}
   size_t MinHeapSize                              = 8388608                                   {product} {ergonomic}
   size_t NewSize                                  = 78118912                                  {product} {ergonomic}
    uintx NonNMethodCodeHeapSize                   = 5839372                                {pd product} {ergonomic}
    uintx NonProfiledCodeHeapSize                  = 122909434                              {pd product} {ergonomic}
   size_t OldSize                                  = 156762112                                 {product} {ergonomic}
    uintx ProfiledCodeHeapSize                     = 122909434                              {pd product} {ergonomic}
    uintx ReservedCodeCacheSize                    = 251658240                              {pd product} {ergonomic}
     bool SegmentedCodeCache                       = true                                      {product} {ergonomic}
   size_t SoftMaxHeapSize                          = 4294967296                             {manageable} {ergonomic}
     bool UseCompressedClassPointers               = true                           {product lp64_product} {ergonomic}
     bool UseCompressedOops                        = true                           {product lp64_product} {ergonomic}
     bool UseLargePagesIndividualAllocation        = false                                  {pd product} {ergonomic}
     bool UseParallelGC                            = true                                      {product} {command line}

Logging:
Log output configuration:
 #0: stdout all=warning uptime,level,tags
 #1: stderr all=off uptime,level,tags

Environment Variables:
JAVA_HOME=D:\Program Files\Eclipse Adoptium\jdk-17.0.19.10-hotspot
PATH=C:\Program Files (x86)\Microsoft\Edge\Application;D:\Program Files\Eclipse Adoptium\jdk-17.0.19.10-hotspot\bin;C:\Program Files (x86)\Common Files\ArchestrA\;C:\Program Files (x86)\Common Files\Intel\Shared Libraries\redist\intel64\compiler;C:\WINDOWS\system32;C:\WINDOWS;C:\WINDOWS\System32\Wbem;C:\WINDOWS\System32\WindowsPowerShell\v1.0\;C:\WINDOWS\System32\OpenSSH\;C:\Program Files (x86)\Microsoft SQL Server\Client SDK\ODBC\110\Tools\Binn\;C:\Program Files (x86)\Microsoft SQL Server\120\Tools\Binn\;C:\Program Files (x86)\Microsoft SQL Server\120\DTS\Binn\;C:\Program Files (x86)\Common Files\Siemens\;C:\Program Files (x86)\Common Files\Siemens\Interfaces;C:\Program Files (x86)\Common Files\Siemens\ACE\Interfaces;C:\Program Files (x86)\Microsoft SQL Server\120\Tools\Binn\ManagementStudio\;C:\Program Files (x86)\Wonderware\InTouch\;C:\Program Files\dotnet\;C:\Program Files (x86)\dotnet\;C:\Program Files (x86)\Windows Kits\8.1\Windows Performance Toolkit\;C:\Program Files\Git\cmd;C:\Program Files\nodejs\;C:\Users\HP PAVILION\AppData\Local\Programs\Python\Launcher\;C:\Users\HP PAVILION\AppData\Local\Microsoft\WindowsApps;C:\Users\HP PAVILION\AppData\Local\Programs\Microsoft VS Code\bin;C:\Users\HP PAVILION\AppData\Local\Python\bin;C:\Users\HP PAVILION\AppData\Local\Programs\gettext-iconv\bin;C:\Users\HP PAVILION\AppData\Local\Programs\Antigravity\bin;C:\Users\HP PAVILION\AppData\Roaming\npm;C:\Users\HP PAVILION\Downloads\flutter\bin;C:\src\flutter\bin;C:\platform-tools;C:\Users\HP PAVILION\AppData\Local\Programs\Antigravity IDE\bin;c:\Users\HP PAVILION\.antigravity-ide\extensions\vscjava.vscode-java-debug-0.59.0-universal\bundled\scripts\noConfigScripts
USERNAME=HP PAVILION
LANG=en_US.UTF-8
OS=Windows_NT
PROCESSOR_IDENTIFIER=AMD64 Family 23 Model 24 Stepping 1, AuthenticAMD
TMP=C:\Users\HPPAVI~1\AppData\Local\Temp
TEMP=C:\Users\HPPAVI~1\AppData\Local\Temp



Periodic native trim disabled


---------------  S Y S T E M  ---------------

OS:
 Windows 10 , 64 bit Build 19041 (10.0.19041.5915)
OS uptime: 0 days 12:12 hours
Hyper-V role detected

CPU: total 8 (initial active 8) (8 cores per cpu, 2 threads per core) family 23 model 24 stepping 1 microcode 0x0, cx8, cmov, fxsr, ht, mmx, 3dnowpref, sse, sse2, sse3, ssse3, sse4a, sse4.1, sse4.2, popcnt, lzcnt, tsc, tscinvbit, avx, avx2, aes, clmul, bmi1, bmi2, adx, sha, fma, vzeroupper, clflush, clflushopt, hv
Processor Information for all 8 processors :
  Max Mhz: 2100, Current Mhz: 2100, Mhz Limit: 2100

Memory: 4k page, system-wide physical 14249M (294M free)
TotalPageFile size 28518M (AvailPageFile size 0M)
current process WorkingSet (physical memory assigned to process): 233M, peak: 234M
current process commit charge ("private bytes"): 533M, peak: 533M

vm_info: OpenJDK 64-Bit Server VM (17.0.19+10) for windows-amd64 JRE (17.0.19+10), built on Apr 25 2026 08:04:44 by "admin" with MS VC++ 17.12 (VS2022)

END.
